Archive member included to satisfy reference by file (symbol)

/home/jambox/dev/stretch_me/stretcher/build/core/core.a(SERCOM.cpp.o)
                              /home/jambox/dev/stretch_me/stretcher/build/core/variant.cpp.o (SERCOM::SERCOM(Sercom*))
/home/jambox/dev/stretch_me/stretcher/build/core/core.a(CDC.cpp.o)
                              /home/jambox/dev/stretch_me/stretcher/build/sketch/stretcher.ino.cpp.o (Serial_::begin(unsigned long))
/home/jambox/dev/stretch_me/stretcher/build/core/core.a(USBCore.cpp.o)
                              /home/jambox/dev/stretch_me/stretcher/build/core/core.a(CDC.cpp.o) (usbd)
/home/jambox/dev/stretch_me/stretcher/build/core/core.a(Uart.cpp.o)
                              /home/jambox/dev/stretch_me/stretcher/build/core/variant.cpp.o (Uart::Uart(SERCOM*, unsigned char, unsigned char, SercomRXPad, SercomUartTXPad, unsigned char, unsigned char))
/home/jambox/dev/stretch_me/stretcher/build/core/core.a(PluggableUSB.cpp.o)
                              /home/jambox/dev/stretch_me/stretcher/build/core/core.a(USBCore.cpp.o) (arduino::PluggableUSB_::getInterface(unsigned char*))
/home/jambox/dev/stretch_me/stretcher/build/core/core.a(Print.cpp.o)
                              /home/jambox/dev/stretch_me/stretcher/build/core/core.a(Uart.cpp.o) (arduino::Print::write(unsigned char const*, unsigned int))
/home/jambox/dev/stretch_me/stretcher/build/core/core.a(cortex_handlers.c.o)
                              (Reset_Handler)
/home/jambox/dev/stretch_me/stretcher/build/core/core.a(delay.c.o)
                              /home/jambox/dev/stretch_me/stretcher/build/core/core.a(CDC.cpp.o) (millis)
/home/jambox/dev/stretch_me/stretcher/build/core/core.a(hooks.c.o)
                              /home/jambox/dev/stretch_me/stretcher/build/core/core.a(delay.c.o) (yield)
/home/jambox/dev/stretch_me/stretcher/build/core/core.a(main.cpp.o)
                              /home/jambox/.arduino15/packages/arduino/tools/arm-none-eabi-gcc/7-2017q4/bin/../lib/gcc/arm-none-eabi/7.2.1/../../../../arm-none-eabi/lib/thumb/v6-m/crt0.o (main)
/home/jambox/dev/stretch_me/stretcher/build/core/core.a(new.cpp.o)
                              /home/jambox/dev/stretch_me/stretcher/build/core/core.a(USBCore.cpp.o) (operator new(unsigned int))
/home/jambox/dev/stretch_me/stretcher/build/core/core.a(startup.c.o)
                              /home/jambox/dev/stretch_me/stretcher/build/core/core.a(cortex_handlers.c.o) (SystemInit)
/home/jambox/dev/stretch_me/stretcher/build/core/core.a(wiring.c.o)
                              /home/jambox/dev/stretch_me/stretcher/build/core/core.a(main.cpp.o) (init)
/home/jambox/dev/stretch_me/stretcher/build/core/core.a(wiring_analog.c.o)
                              /home/jambox/dev/stretch_me/stretcher/build/core/core.a(wiring.c.o) (analogReference)
/home/jambox/dev/stretch_me/stretcher/build/core/core.a(wiring_digital.c.o)
                              /home/jambox/dev/stretch_me/stretcher/build/sketch/stretcher.ino.cpp.o (pinMode)
/home/jambox/dev/stretch_me/stretcher/build/core/core.a(wiring_private.c.o)
                              /home/jambox/dev/stretch_me/stretcher/build/core/core.a(Uart.cpp.o) (pinPeripheral)
/home/jambox/dev/stretch_me/stretcher/build/core/core.a(Reset.cpp.o)
                              /home/jambox/dev/stretch_me/stretcher/build/core/core.a(CDC.cpp.o) (initiateReset)
/home/jambox/dev/stretch_me/stretcher/build/core/core.a(abi.cpp.o)
                              /home/jambox/dev/stretch_me/stretcher/build/core/core.a(Print.cpp.o) (__cxa_pure_virtual)
/home/jambox/.arduino15/packages/arduino/tools/arm-none-eabi-gcc/7-2017q4/bin/../lib/gcc/arm-none-eabi/7.2.1/../../../../arm-none-eabi/lib/thumb/v6-m/libstdc++_nano.a(del_ops.o)
                              /home/jambox/dev/stretch_me/stretcher/build/core/core.a(USBCore.cpp.o) (operator delete(void*, unsigned int))
/home/jambox/.arduino15/packages/arduino/tools/arm-none-eabi-gcc/7-2017q4/bin/../lib/gcc/arm-none-eabi/7.2.1/../../../../arm-none-eabi/lib/thumb/v6-m/libm.a(lib_a-s_round.o)
                              /home/jambox/dev/stretch_me/stretcher/build/sketch/stretcher.ino.cpp.o (round)
/home/jambox/.arduino15/packages/arduino/tools/arm-none-eabi-gcc/7-2017q4/bin/../lib/gcc/arm-none-eabi/7.2.1/thumb/v6-m/libgcc.a(_thumb1_case_uqi.o)
                              /home/jambox/dev/stretch_me/stretcher/build/libraries/SparkFun_ProDriver_TC78G670FTG_Arduino_Library/SparkFun_ProDriver_TC78H670FTG_Arduino_Library.cpp.o (__gnu_thumb1_case_uqi)
/home/jambox/.arduino15/packages/arduino/tools/arm-none-eabi-gcc/7-2017q4/bin/../lib/gcc/arm-none-eabi/7.2.1/thumb/v6-m/libgcc.a(_udivsi3.o)
                              /home/jambox/dev/stretch_me/stretcher/build/sketch/stretcher.ino.cpp.o (__aeabi_uidiv)
/home/jambox/.arduino15/packages/arduino/tools/arm-none-eabi-gcc/7-2017q4/bin/../lib/gcc/arm-none-eabi/7.2.1/thumb/v6-m/libgcc.a(_divsi3.o)
[...]
Memory Configuration

Name             Origin             Length             Attributes
FLASH            0x0000000000002000 0x000000000003e000 xr
RAM              0x0000000020000000 0x0000000000008000 xrw
*default*        0x0000000000000000 0xffffffffffffffff

Linker script and memory map

LOAD /home/jambox/.arduino15/packages/arduino/tools/arm-none-eabi-gcc/7-2017q4/bin/../lib/gcc/arm-none-eabi/7.2.1/thumb/v6-m/crti.o
LOAD /home/jambox/.arduino15/packages/arduino/tools/arm-none-eabi-gcc/7-2017q4/bin/../lib/gcc/arm-none-eabi/7.2.1/thumb/v6-m/crtbegin.o
LOAD /home/jambox/.arduino15/packages/arduino/tools/arm-none-eabi-gcc/7-2017q4/bin/../lib/gcc/arm-none-eabi/7.2.1/../../../../arm-none-eabi/lib/thumb/v6-m/crt0.o
LOAD /home/jambox/dev/stretch_me/stretcher/build/sketch/stepper.cpp.o
LOAD /home/jambox/dev/stretch_me/stretcher/build/sketch/stretcher.ino.cpp.o
LOAD /home/jambox/dev/stretch_me/stretcher/build/libraries/SparkFun_ProDriver_TC78G670FTG_Arduino_Library/SparkFun_ProDriver_TC78H670FTG_Arduino_Library.cpp.o
LOAD /home/jambox/dev/stretch_me/stretcher/build/core/variant.cpp.o
START GROUP
LOAD /home/jambox/.arduino15/packages/arduino/tools/CMSIS/4.5.0/CMSIS/Lib/GCC//libarm_cortexM0l_math.a
LOAD /home/jambox/dev/stretch_me/stretcher/build/core/core.a
END GROUP
LOAD /home/jambox/.arduino15/packages/arduino/tools/arm-none-eabi-gcc/7-2017q4/bin/../lib/gcc/arm-none-eabi/7.2.1/../../../../arm-none-eabi/lib/thumb/v6-m/libstdc++_nano.a
LOAD /home/jambox/.arduino15/packages/arduino/tools/arm-none-eabi-gcc/7-2017q4/bin/../lib/gcc/arm-none-eabi/7.2.1/../../../../arm-none-eabi/lib/thumb/v6-m/libm.a
START GROUP
LOAD /home/jambox/.arduino15/packages/arduino/tools/arm-none-eabi-gcc/7-2017q4/bin/../lib/gcc/arm-none-eabi/7.2.1/thumb/v6-m/libgcc.a
LOAD /home/jambox/.arduino15/packages/arduino/tools/arm-none-eabi-gcc/7-2017q4/bin/../lib/gcc/arm-none-eabi/7.2.1/../../../../arm-none-eabi/lib/thumb/v6-m/libc_nano.a
END GROUP
START GROUP
LOAD /home/jambox/.arduino15/packages/arduino/tools/arm-none-eabi-gcc/7-2017q4/bin/../lib/gcc/arm-none-eabi/7.2.1/thumb/v6-m/libgcc.a
LOAD /home/jambox/.arduino15/packages/arduino/tools/arm-none-eabi-gcc/7-2017q4/bin/../lib/gcc/arm-none-eabi/7.2.1/../../../../arm-none-eabi/lib/thumb/v6-m/libc_nano.a
LOAD /home/jambox/.arduino15/packages/arduino/tools/arm-none-eabi-gcc/7-2017q4/bin/../lib/gcc/arm-none-eabi/7.2.1/../../../../arm-none-eabi/lib/thumb/v6-m/libnosys.a
END GROUP
START GROUP
LOAD /home/jambox/.arduino15/packages/arduino/tools/arm-none-eabi-gcc/7-2017q4/bin/../lib/gcc/arm-none-eabi/7.2.1/thumb/v6-m/libgcc.a
LOAD /home/jambox/.arduino15/packages/arduino/tools/arm-none-eabi-gcc/7-2017q4/bin/../lib/gcc/arm-none-eabi/7.2.1/../../../../arm-none-eabi/lib/thumb/v6-m/libc_nano.a
LOAD /home/jambox/.arduino15/packages/arduino/tools/arm-none-eabi-gcc/7-2017q4/bin/../lib/gcc/arm-none-eabi/7.2.1/../../../../arm-none-eabi/lib/thumb/v6-m/libnosys.a
END GROUP
LOAD /home/jambox/.arduino15/packages/arduino/tools/arm-none-eabi-gcc/7-2017q4/bin/../lib/gcc/arm-none-eabi/7.2.1/thumb/v6-m/crtend.o
LOAD /home/jambox/.arduino15/packages/arduino/tools/arm-none-eabi-gcc/7-2017q4/bin/../lib/gcc/arm-none-eabi/7.2.1/thumb/v6-m/crtn.o

.text           0x0000000000002000     0x4fa0
                0x0000000000002000                __text_start__ = .
 *(.sketch_boot)
                0x0000000000002000                . = ALIGN (0x2000)
 *(.isr_vector)
 .isr_vector    0x0000000000002000       0xb4 /home/jambox/dev/stretch_me/stretcher/build/core/core.a(cortex_handlers.c.o)
                0x0000000000002000                exception_table
 *(.text*)
 .text          0x00000000000020b4       0x48 /home/jambox/.arduino15/packages/arduino/tools/arm-none-eabi-gcc/7-2017q4/bin/../lib/gcc/arm-none-eabi/7.2.1/thumb/v6-m/crtbegin.o
 .text._ZN7Stepper5setupEv
                0x00000000000020fc       0x24 /home/jambox/dev/stretch_me/stretcher/build/sketch/stepper.cpp.o
                0x00000000000020fc                Stepper::setup()
 .text._ZL21fast_samd21_tc3_resetv
                0x0000000000002120       0x1c /home/jambox/dev/stretch_me/stretcher/build/sketch/stretcher.ino.cpp.o
 .text._ZL42_fast_samd21_tc_calculate_compare_registerdm
                0x000000000000213c       0x38 /home/jambox/dev/stretch_me/stretcher/build/sketch/stretcher.ino.cpp.o
 .text._Z41fast_samd21_tc_calculate_compare_registerdPtS_
                0x0000000000002174       0xb0 /home/jambox/dev/stretch_me/stretcher/build/sketch/stretcher.ino.cpp.o
                0x0000000000002174                fast_samd21_tc_calculate_compare_register(double, unsigned short*, unsigned short*)
 .text._Z25fast_samd21_tc3_configured
                0x0000000000002224      0x140 /home/jambox/dev/stretch_me/stretcher/build/sketch/stretcher.ino.cpp.o
                0x0000000000002224                fast_samd21_tc3_configure(double)
 .text.TC3_Handler
                0x0000000000002364       0x24 /home/jambox/dev/stretch_me/stretcher/build/sketch/stretcher.ino.cpp.o
                0x0000000000002364                TC3_Handler
 .text.loop     0x0000000000002388       0x20 /home/jambox/dev/stretch_me/stretcher/build/sketch/stretcher.ino.cpp.o
                0x0000000000002388                loop
 .text.startup._GLOBAL__sub_I__Z41fast_samd21_tc_calculate_compare_registerdPtS_
                0x00000000000023a8       0x18 /home/jambox/dev/stretch_me/stretcher/build/sketch/stretcher.ino.cpp.o
 .text.setup    0x00000000000023c0       0x30 /home/jambox/dev/stretch_me/stretcher/build/sketch/stretcher.ino.cpp.o
                0x00000000000023c0                setup
 .text._ZN9PRODRIVERC2Ev
                0x00000000000023f0       0x48 /home/jambox/dev/stretch_me/stretcher/build/libraries/SparkFun_ProDriver_TC78G670FTG_Arduino_Library/SparkFun_ProDriver_TC78H670FTG_Arduino_Library.cpp.o
                0x00000000000023f0                PRODRIVER::PRODRIVER()
                0x00000000000023f0                PRODRIVER::PRODRIVER()
 .text._ZN9PRODRIVER9errorStatEv
                0x0000000000002438       0x12 /home/jambox/dev/stretch_me/stretcher/build/libraries/SparkFun_ProDriver_TC78G670FTG_Arduino_Library/SparkFun_ProDriver_TC78H670FTG_Arduino_Library.cpp.o
                0x0000000000002438                PRODRIVER::errorStat()
 .text._ZN9PRODRIVER8pinSetupEv
                0x000000000000244a       0x7c /home/jambox/dev/stretch_me/stretcher/build/libraries/SparkFun_ProDriver_TC78G670FTG_Arduino_Library/SparkFun_ProDriver_TC78H670FTG_Arduino_Library.cpp.o
                0x000000000000244a                PRODRIVER::pinSetup()
 .text._ZN9PRODRIVER17controlModeSelectEv
                0x00000000000024c6       0xea /home/jambox/dev/stretch_me/stretcher/build/libraries/SparkFun_ProDriver_TC78G670FTG_Arduino_Library/SparkFun_ProDriver_TC78H670FTG_Arduino_Library.cpp.o
                0x00000000000024c6                PRODRIVER::controlModeSelect()
 .text._ZN9PRODRIVER5beginEv
                0x00000000000025b0       0x16 /home/jambox/dev/stretch_me/stretcher/build/libraries/SparkFun_ProDriver_TC78G670FTG_Arduino_Library/SparkFun_ProDriver_TC78H670FTG_Arduino_Library.cpp.o
                0x00000000000025b0                PRODRIVER::begin()
 .text.initVariant
                0x00000000000025c6       0x24 /home/jambox/dev/stretch_me/stretcher/build/core/variant.cpp.o
                0x00000000000025c6                initVariant
 *fill*         0x00000000000025ea        0x2 
 .text.SERCOM5_Handler
                0x00000000000025ec       0x10 /home/jambox/dev/stretch_me/stretcher/build/core/variant.cpp.o
                0x00000000000025ec                SERCOM5_Handler
 .text.SERCOM3_Handler
                0x00000000000025fc       0x10 /home/jambox/dev/stretch_me/stretcher/build/core/variant.cpp.o
                0x00000000000025fc                SERCOM3_Handler
 .text.SERCOM2_Handler
                0x000000000000260c       0x10 /home/jambox/dev/stretch_me/stretcher/build/core/variant.cpp.o
                0x000000000000260c                SERCOM2_Handler
 .text.startup._GLOBAL__sub_I_g_APinDescription
                0x000000000000261c       0xbc /home/jambox/dev/stretch_me/stretcher/build/core/variant.cpp.o
 .text._ZN6SERCOMC2EP6Sercom
                0x00000000000026d8        0x8 /home/jambox/dev/stretch_me/stretcher/build/core/core.a(SERCOM.cpp.o)
                0x00000000000026d8                SERCOM::SERCOM(Sercom*)
                0x00000000000026d8                SERCOM::SERCOM(Sercom*)
 .text._ZN6SERCOM9initFrameE18SercomUartCharSize15SercomDataOrder16SercomParityMode19SercomNumberStopBit
                0x00000000000026e0       0x3a /home/jambox/dev/stretch_me/stretcher/build/core/core.a(SERCOM.cpp.o)
                0x00000000000026e0                SERCOM::initFrame(SercomUartCharSize, SercomDataOrder, SercomParityMode, SercomNumberStopBit)
 .text._ZN6SERCOM8initPadsE15SercomUartTXPad11SercomRXPad
                0x000000000000271a       0x26 /home/jambox/dev/stretch_me/stretcher/build/core/core.a(SERCOM.cpp.o)
                0x000000000000271a                SERCOM::initPads(SercomUartTXPad, SercomRXPad)
 .text._ZN6SERCOM9resetUARTEv
                0x0000000000002740       0x1a /home/jambox/dev/stretch_me/stretcher/build/core/core.a(SERCOM.cpp.o)
                0x0000000000002740                SERCOM::resetUART()
 .text._ZN6SERCOM10enableUARTEv
                0x000000000000275a       0x14 /home/jambox/dev/stretch_me/stretcher/build/core/core.a(SERCOM.cpp.o)
                0x000000000000275a                SERCOM::enableUART()
 .text._ZN6SERCOM9flushUARTEv
                0x000000000000276e       0x14 /home/jambox/dev/stretch_me/stretcher/build/core/core.a(SERCOM.cpp.o)
                0x000000000000276e                SERCOM::flushUART()
 .text._ZN6SERCOM15clearStatusUARTEv
                0x0000000000002782        0x8 /home/jambox/dev/stretch_me/stretcher/build/core/core.a(SERCOM.cpp.o)
                0x0000000000002782                SERCOM::clearStatusUART()
 .text._ZN6SERCOM17availableDataUARTEv
                0x000000000000278a        0xa /home/jambox/dev/stretch_me/stretcher/build/core/core.a(SERCOM.cpp.o)
                0x000000000000278a                SERCOM::availableDataUART()
 .text._ZN6SERCOM11isUARTErrorEv
                0x0000000000002794        0x8 /home/jambox/dev/stretch_me/stretcher/build/core/core.a(SERCOM.cpp.o)
                0x0000000000002794                SERCOM::isUARTError()
 .text._ZN6SERCOM20acknowledgeUARTErrorEv
                0x000000000000279c        0xe /home/jambox/dev/stretch_me/stretcher/build/core/core.a(SERCOM.cpp.o)
                0x000000000000279c                SERCOM::acknowledgeUARTError()
 .text._ZN6SERCOM16isFrameErrorUARTEv
                0x00000000000027aa        0xa /home/jambox/dev/stretch_me/stretcher/build/core/core.a(SERCOM.cpp.o)
                0x00000000000027aa                SERCOM::isFrameErrorUART()
 .text._ZN6SERCOM19clearFrameErrorUARTEv
                0x00000000000027b4        0xc /home/jambox/dev/stretch_me/stretcher/build/core/core.a(SERCOM.cpp.o)
                0x00000000000027b4                SERCOM::clearFrameErrorUART()
 .text._ZN6SERCOM23isDataRegisterEmptyUARTEv
                0x00000000000027c0        0xa /home/jambox/dev/stretch_me/stretcher/build/core/core.a(SERCOM.cpp.o)
                0x00000000000027c0                SERCOM::isDataRegisterEmptyUART()
 .text._ZN6SERCOM12readDataUARTEv
                0x00000000000027ca        0x8 /home/jambox/dev/stretch_me/stretcher/build/core/core.a(SERCOM.cpp.o)
                0x00000000000027ca                SERCOM::readDataUART()
 .text._ZN6SERCOM13writeDataUARTEh
                0x00000000000027d2       0x14 /home/jambox/dev/stretch_me/stretcher/build/core/core.a(SERCOM.cpp.o)
                0x00000000000027d2                SERCOM::writeDataUART(unsigned char)
 .text._ZN6SERCOM36enableDataRegisterEmptyInterruptUARTEv
                0x00000000000027e6        0x8 /home/jambox/dev/stretch_me/stretcher/build/core/core.a(SERCOM.cpp.o)
                0x00000000000027e6                SERCOM::enableDataRegisterEmptyInterruptUART()
 .text._ZN6SERCOM37disableDataRegisterEmptyInterruptUARTEv
                0x00000000000027ee        0x8 /home/jambox/dev/stretch_me/stretcher/build/core/core.a(SERCOM.cpp.o)
                0x00000000000027ee                SERCOM::disableDataRegisterEmptyInterruptUART()
 *fill*         0x00000000000027f6        0x2 
 .text._ZN6SERCOM13initClockNVICEv
                0x00000000000027f8       0xa8 /home/jambox/dev/stretch_me/stretcher/build/core/core.a(SERCOM.cpp.o)
                0x00000000000027f8                SERCOM::initClockNVIC()
 .text._ZN6SERCOM8initUARTE14SercomUartMode20SercomUartSampleRatem
                0x00000000000028a0       0x6c /home/jambox/dev/stretch_me/stretcher/build/core/core.a(SERCOM.cpp.o)
                0x00000000000028a0                SERCOM::initUART(SercomUartMode, SercomUartSampleRate, unsigned long)
 .text._ZN7Serial_13getDescriptorERN7arduino8USBSetupE
                0x000000000000290c        0x4 /home/jambox/dev/stretch_me/stretcher/build/core/core.a(CDC.cpp.o)
                0x000000000000290c                Serial_::getDescriptor(arduino::USBSetup&)
 .text._ZL5utox8mPc
                0x0000000000002910       0x24 /home/jambox/dev/stretch_me/stretcher/build/core/core.a(CDC.cpp.o)
 .text._ZN7Serial_12getShortNameEPc
                0x0000000000002934       0x44 /home/jambox/dev/stretch_me/stretcher/build/core/core.a(CDC.cpp.o)
                0x0000000000002934                Serial_::getShortName(char*)
 .text._ZThn16_N7Serial_12getShortNameEPc
                0x0000000000002978       0x10 /home/jambox/dev/stretch_me/stretcher/build/core/core.a(CDC.cpp.o)
                0x0000000000002978                non-virtual thunk to Serial_::getShortName(char*)
 .text._ZN7Serial_5beginEm
                0x0000000000002988        0x2 /home/jambox/dev/stretch_me/stretcher/build/core/core.a(CDC.cpp.o)
                0x0000000000002988                Serial_::begin(unsigned long)
 .text._ZN7Serial_5beginEmt
                0x000000000000298a        0x2 /home/jambox/dev/stretch_me/stretcher/build/core/core.a(CDC.cpp.o)
                0x000000000000298a                Serial_::begin(unsigned long, unsigned short)
 .text._ZN7Serial_17availableForWriteEv
                0x000000000000298c        0x4 /home/jambox/dev/stretch_me/stretcher/build/core/core.a(CDC.cpp.o)
                0x000000000000298c                Serial_::availableForWrite()
 .text._ZN7Serial_5writeEh
                0x0000000000002990       0x14 /home/jambox/dev/stretch_me/stretcher/build/core/core.a(CDC.cpp.o)
                0x0000000000002990                Serial_::write(unsigned char)
 .text._ZN7Serial_12getInterfaceEPh
                0x00000000000029a4      0x11c /home/jambox/dev/stretch_me/stretcher/build/core/core.a(CDC.cpp.o)
                0x00000000000029a4                Serial_::getInterface(unsigned char*)
 .text._ZThn16_N7Serial_12getInterfaceEPh
                0x0000000000002ac0       0x10 /home/jambox/dev/stretch_me/stretcher/build/core/core.a(CDC.cpp.o)
                0x0000000000002ac0                non-virtual thunk to Serial_::getInterface(unsigned char*)
 .text._ZN7Serial_5setupERN7arduino8USBSetupE
                0x0000000000002ad0       0x9c /home/jambox/dev/stretch_me/stretcher/build/core/core.a(CDC.cpp.o)
                0x0000000000002ad0                Serial_::setup(arduino::USBSetup&)
 .text._ZThn16_N7Serial_5setupERN7arduino8USBSetupE
                0x0000000000002b6c       0x10 /home/jambox/dev/stretch_me/stretcher/build/core/core.a(CDC.cpp.o)
                0x0000000000002b6c                non-virtual thunk to Serial_::setup(arduino::USBSetup&)
 .text._ZN7Serial_3endEv
                0x0000000000002b7c        0xe /home/jambox/dev/stretch_me/stretcher/build/core/core.a(CDC.cpp.o)
                0x0000000000002b7c                Serial_::end()
 *fill*         0x0000000000002b8a        0x2 
 .text._ZN7Serial_9availableEv
                0x0000000000002b8c       0x20 /home/jambox/dev/stretch_me/stretcher/build/core/core.a(CDC.cpp.o)
                0x0000000000002b8c                Serial_::available()
 .text._ZN7Serial_5flushEv
                0x0000000000002bac        0xe /home/jambox/dev/stretch_me/stretcher/build/core/core.a(CDC.cpp.o)
                0x0000000000002bac                Serial_::flush()
 .text._ZN7Serial_5clearEv
                0x0000000000002bba        0xe /home/jambox/dev/stretch_me/stretcher/build/core/core.a(CDC.cpp.o)
                0x0000000000002bba                Serial_::clear()
 .text._ZN7Serial_5writeEPKhj
                0x0000000000002bc8       0x1e /home/jambox/dev/stretch_me/stretcher/build/core/core.a(CDC.cpp.o)
                0x0000000000002bc8                Serial_::write(unsigned char const*, unsigned int)
 *fill*         0x0000000000002be6        0x2 
 .text._ZN7Serial_4peekEv
                0x0000000000002be8       0x1c /home/jambox/dev/stretch_me/stretcher/build/core/core.a(CDC.cpp.o)
                0x0000000000002be8                Serial_::peek()
 .text._ZN7Serial_4readEv
                0x0000000000002c04       0x24 /home/jambox/dev/stretch_me/stretcher/build/core/core.a(CDC.cpp.o)
                0x0000000000002c04                Serial_::read()
 .text._ZN7Serial_cvbEv
                0x0000000000002c28       0x26 /home/jambox/dev/stretch_me/stretcher/build/core/core.a(CDC.cpp.o)
                0x0000000000002c28                Serial_::operator bool()
 .text._ZThn16_N7Serial_13getDescriptorERN7arduino8USBSetupE
                0x0000000000002c4e        0x4 /home/jambox/dev/stretch_me/stretcher/build/core/core.a(CDC.cpp.o)
                0x0000000000002c4e                non-virtual thunk to Serial_::getDescriptor(arduino::USBSetup&)
 .text.resetExternalChip
                0x0000000000002c52        0x2 /home/jambox/dev/stretch_me/stretcher/build/core/core.a(CDC.cpp.o)
                0x0000000000002c52                resetExternalChip
 .text._ZN7Serial_14handleEndpointEi
                0x0000000000002c54        0x2 /home/jambox/dev/stretch_me/stretcher/build/core/core.a(CDC.cpp.o)
                0x0000000000002c54                Serial_::handleEndpoint(int)
 *fill*         0x0000000000002c56        0x2 
 .text._ZN7Serial_C2ER14USBDeviceClass
                0x0000000000002c58       0x5c /home/jambox/dev/stretch_me/stretcher/build/core/core.a(CDC.cpp.o)
                0x0000000000002c58                Serial_::Serial_(USBDeviceClass&)
                0x0000000000002c58                Serial_::Serial_(USBDeviceClass&)
 .text._ZN7Serial_15enableInterruptEv
                0x0000000000002cb4       0x30 /home/jambox/dev/stretch_me/stretcher/build/core/core.a(CDC.cpp.o)
                0x0000000000002cb4                Serial_::enableInterrupt()
 .text.startup._GLOBAL__sub_I__ZN7Serial_12getInterfaceEPh
                0x0000000000002ce4       0x14 /home/jambox/dev/stretch_me/stretcher/build/core/core.a(CDC.cpp.o)
 .text._ZN26DoubleBufferedEPOutHandlerD2Ev
                0x0000000000002cf8        0x2 /home/jambox/dev/stretch_me/stretcher/build/core/core.a(USBCore.cpp.o)
                0x0000000000002cf8                DoubleBufferedEPOutHandler::~DoubleBufferedEPOutHandler()
                0x0000000000002cf8                DoubleBufferedEPOutHandler::~DoubleBufferedEPOutHandler()
 .text._ZN26DoubleBufferedEPOutHandlerD0Ev
                0x0000000000002cfa        0xe /home/jambox/dev/stretch_me/stretcher/build/core/core.a(USBCore.cpp.o)
                0x0000000000002cfa                DoubleBufferedEPOutHandler::~DoubleBufferedEPOutHandler()
 .text._ZN14USBDeviceClass6initEPEmm.part.7
                0x0000000000002d08       0xc4 /home/jambox/dev/stretch_me/stretcher/build/core/core.a(USBCore.cpp.o)
 .text._ZN7__GuardC2Ev
                0x0000000000002dcc        0xe /home/jambox/dev/stretch_me/stretcher/build/core/core.a(USBCore.cpp.o)
                0x0000000000002dcc                __Guard::__Guard()
                0x0000000000002dcc                __Guard::__Guard()
 .text._ZN7__GuardD2Ev
                0x0000000000002dda        0xe /home/jambox/dev/stretch_me/stretcher/build/core/core.a(USBCore.cpp.o)
                0x0000000000002dda                __Guard::~__Guard()
                0x0000000000002dda                __Guard::~__Guard()
 .text._ZNK26DoubleBufferedEPOutHandler10_availableEv
                0x0000000000002de8       0x70 /home/jambox/dev/stretch_me/stretcher/build/core/core.a(USBCore.cpp.o)
                0x0000000000002de8                DoubleBufferedEPOutHandler::_available() const
 .text._ZN26DoubleBufferedEPOutHandler7releaseEv
                0x0000000000002e58       0x38 /home/jambox/dev/stretch_me/stretcher/build/core/core.a(USBCore.cpp.o)
                0x0000000000002e58                DoubleBufferedEPOutHandler::release()
 .text._ZN26DoubleBufferedEPOutHandler14handleEndpointEv
                0x0000000000002e90       0xe2 /home/jambox/dev/stretch_me/stretcher/build/core/core.a(USBCore.cpp.o)
                0x0000000000002e90                DoubleBufferedEPOutHandler::handleEndpoint()
 .text._ZN14USBDeviceClass14SendInterfacesEPm
                0x0000000000002f72       0x20 /home/jambox/dev/stretch_me/stretcher/build/core/core.a(USBCore.cpp.o)
                0x0000000000002f72                USBDeviceClass::SendInterfaces(unsigned long*)
 *fill*         0x0000000000002f92        0x2 
 .text._ZN14USBDeviceClass6attachEv
                0x0000000000002f94       0x34 /home/jambox/dev/stretch_me/stretcher/build/core/core.a(USBCore.cpp.o)
                0x0000000000002f94                USBDeviceClass::attach()
 .text._ZN14USBDeviceClass10setAddressEm
                0x0000000000002fc8       0x48 /home/jambox/dev/stretch_me/stretcher/build/core/core.a(USBCore.cpp.o)
                0x0000000000002fc8                USBDeviceClass::setAddress(unsigned long)
 .text._ZN14USBDeviceClass25handleClassInterfaceSetupERN7arduino8USBSetupE
                0x0000000000003010       0x24 /home/jambox/dev/stretch_me/stretcher/build/core/core.a(USBCore.cpp.o)
                0x0000000000003010                USBDeviceClass::handleClassInterfaceSetup(arduino::USBSetup&)
 .text._ZN14USBDeviceClass6initEPEmm
                0x0000000000003034      0x10c /home/jambox/dev/stretch_me/stretcher/build/core/core.a(USBCore.cpp.o)
                0x0000000000003034                USBDeviceClass::initEP(unsigned long, unsigned long)
 .text._ZN14USBDeviceClass13initEndpointsEv
                0x0000000000003140       0x24 /home/jambox/dev/stretch_me/stretcher/build/core/core.a(USBCore.cpp.o)
                0x0000000000003140                USBDeviceClass::initEndpoints()
 .text._ZN14USBDeviceClass5clearEm
                0x0000000000003164       0x38 /home/jambox/dev/stretch_me/stretcher/build/core/core.a(USBCore.cpp.o)
                0x0000000000003164                USBDeviceClass::clear(unsigned long)
 .text._ZN14USBDeviceClass9availableEm
                0x000000000000319c       0x2c /home/jambox/dev/stretch_me/stretcher/build/core/core.a(USBCore.cpp.o)
                0x000000000000319c                USBDeviceClass::available(unsigned long)
 .text._ZN14USBDeviceClass5flushEm
                0x00000000000031c8       0x2c /home/jambox/dev/stretch_me/stretcher/build/core/core.a(USBCore.cpp.o)
                0x00000000000031c8                USBDeviceClass::flush(unsigned long)
 .text._ZN14USBDeviceClass4recvEmPvm
                0x00000000000031f4       0xc0 /home/jambox/dev/stretch_me/stretcher/build/core/core.a(USBCore.cpp.o)
                0x00000000000031f4                USBDeviceClass::recv(unsigned long, void*, unsigned long)
 .text._ZN14USBDeviceClass4recvEm
                0x00000000000032b4       0x1c /home/jambox/dev/stretch_me/stretcher/build/core/core.a(USBCore.cpp.o)
                0x00000000000032b4                USBDeviceClass::recv(unsigned long)
 .text._ZN14USBDeviceClass14armRecvCtrlOUTEm
                0x00000000000032d0       0x5c /home/jambox/dev/stretch_me/stretcher/build/core/core.a(USBCore.cpp.o)
                0x00000000000032d0                USBDeviceClass::armRecvCtrlOUT(unsigned long)
 .text._ZN14USBDeviceClass11recvControlEPvm
                0x000000000000332c       0x28 /home/jambox/dev/stretch_me/stretcher/build/core/core.a(USBCore.cpp.o)
                0x000000000000332c                USBDeviceClass::recvControl(void*, unsigned long)
 .text._ZN14USBDeviceClass4sendEmPKvm
                0x0000000000003354      0x10c /home/jambox/dev/stretch_me/stretcher/build/core/core.a(USBCore.cpp.o)
                0x0000000000003354                USBDeviceClass::send(unsigned long, void const*, unsigned long)
 .text._ZN14USBDeviceClass7armSendEmPKvm
                0x0000000000003460       0x48 /home/jambox/dev/stretch_me/stretcher/build/core/core.a(USBCore.cpp.o)
                0x0000000000003460                USBDeviceClass::armSend(unsigned long, void const*, unsigned long)
 .text._ZN14USBDeviceClass11sendControlEPKvm
                0x00000000000034a8       0x54 /home/jambox/dev/stretch_me/stretcher/build/core/core.a(USBCore.cpp.o)
                0x00000000000034a8                USBDeviceClass::sendControl(void const*, unsigned long)
 .text._ZN14USBDeviceClass20sendStringDescriptorEPKhm
                0x00000000000034fc       0x64 /home/jambox/dev/stretch_me/stretcher/build/core/core.a(USBCore.cpp.o)
                0x00000000000034fc                USBDeviceClass::sendStringDescriptor(unsigned char const*, unsigned long)
 .text._ZN14USBDeviceClass17sendConfigurationEm
                0x0000000000003560       0x80 /home/jambox/dev/stretch_me/stretcher/build/core/core.a(USBCore.cpp.o)
                0x0000000000003560                USBDeviceClass::sendConfiguration(unsigned long)
 .text._ZN14USBDeviceClass14sendDescriptorERN7arduino8USBSetupE
                0x00000000000035e0       0xd8 /home/jambox/dev/stretch_me/stretcher/build/core/core.a(USBCore.cpp.o)
                0x00000000000035e0                USBDeviceClass::sendDescriptor(arduino::USBSetup&)
 .text._ZN14USBDeviceClass7sendZlpEm
                0x00000000000036b8       0x18 /home/jambox/dev/stretch_me/stretcher/build/core/core.a(USBCore.cpp.o)
                0x00000000000036b8                USBDeviceClass::sendZlp(unsigned long)
 .text._ZN14USBDeviceClass19handleStandardSetupERN7arduino8USBSetupE
                0x00000000000036d0       0xf0 /home/jambox/dev/stretch_me/stretcher/build/core/core.a(USBCore.cpp.o)
                0x00000000000036d0                USBDeviceClass::handleStandardSetup(arduino::USBSetup&)
 .text._ZN14USBDeviceClass10ISRHandlerEv
                0x00000000000037c0      0x108 /home/jambox/dev/stretch_me/stretcher/build/core/core.a(USBCore.cpp.o)
                0x00000000000037c0                USBDeviceClass::ISRHandler()
 .text.UDD_Handler
                0x00000000000038c8       0x10 /home/jambox/dev/stretch_me/stretcher/build/core/core.a(USBCore.cpp.o)
                0x00000000000038c8                UDD_Handler
 .text._ZN7arduino13PluggableUSB_C2Ev
                0x00000000000038d8       0x10 /home/jambox/dev/stretch_me/stretcher/build/core/core.a(USBCore.cpp.o)
                0x00000000000038d8                arduino::PluggableUSB_::PluggableUSB_()
                0x00000000000038d8                arduino::PluggableUSB_::PluggableUSB_()
 .text._Z8epBufferj
                0x00000000000038e8        0xc /home/jambox/dev/stretch_me/stretcher/build/core/core.a(USBCore.cpp.o)
                0x00000000000038e8                epBuffer(unsigned int)
 .text._ZN7arduino11RingBufferNILi64EE10store_charEh
                0x00000000000038f4       0x1c /home/jambox/dev/stretch_me/stretcher/build/core/core.a(USBCore.cpp.o)
                0x00000000000038f4                arduino::RingBufferN<64>::store_char(unsigned char)
 .text._ZN26DoubleBufferedEPOutHandler5_recvEv
                0x0000000000003910      0x15e /home/jambox/dev/stretch_me/stretcher/build/core/core.a(USBCore.cpp.o)
                0x0000000000003910                DoubleBufferedEPOutHandler::_recv()
 .text._ZN26DoubleBufferedEPOutHandler9availableEv
                0x0000000000003a6e        0xc /home/jambox/dev/stretch_me/stretcher/build/core/core.a(USBCore.cpp.o)
                0x0000000000003a6e                DoubleBufferedEPOutHandler::available()
 .text._ZN26DoubleBufferedEPOutHandler4peekEv
                0x0000000000003a7a       0x1c /home/jambox/dev/stretch_me/stretcher/build/core/core.a(USBCore.cpp.o)
                0x0000000000003a7a                DoubleBufferedEPOutHandler::peek()
 .text._ZN26DoubleBufferedEPOutHandler4recvEPvm
                0x0000000000003a96       0x60 /home/jambox/dev/stretch_me/stretcher/build/core/core.a(USBCore.cpp.o)
                0x0000000000003a96                DoubleBufferedEPOutHandler::recv(void*, unsigned long)
 *fill*         0x0000000000003af6        0x2 
 .text.startup._GLOBAL__sub_I_usbd
                0x0000000000003af8       0x10 /home/jambox/dev/stretch_me/stretcher/build/core/core.a(USBCore.cpp.o)
 .text._ZN14USBDeviceClass4initEv
                0x0000000000003b08      0x15c /home/jambox/dev/stretch_me/stretcher/build/core/core.a(USBCore.cpp.o)
                0x0000000000003b08                USBDeviceClass::init()
 .text._ZN4UartcvbEv
                0x0000000000003c64        0x4 /home/jambox/dev/stretch_me/stretcher/build/core/core.a(Uart.cpp.o)
                0x0000000000003c64                Uart::operator bool()
 .text._ZN4Uart5beginEm
                0x0000000000003c68       0x10 /home/jambox/dev/stretch_me/stretcher/build/core/core.a(Uart.cpp.o)
                0x0000000000003c68                Uart::begin(unsigned long)
 .text._ZN4Uart9availableEv
                0x0000000000003c78        0x6 /home/jambox/dev/stretch_me/stretcher/build/core/core.a(Uart.cpp.o)
                0x0000000000003c78                Uart::available()
 .text._ZN4Uart17availableForWriteEv
                0x0000000000003c7e       0x10 /home/jambox/dev/stretch_me/stretcher/build/core/core.a(Uart.cpp.o)
                0x0000000000003c7e                Uart::availableForWrite()
 .text._ZN4Uart4peekEv
                0x0000000000003c8e       0x18 /home/jambox/dev/stretch_me/stretcher/build/core/core.a(Uart.cpp.o)
                0x0000000000003c8e                Uart::peek()
 .text._ZN4Uart3endEv
                0x0000000000003ca6       0x24 /home/jambox/dev/stretch_me/stretcher/build/core/core.a(Uart.cpp.o)
                0x0000000000003ca6                Uart::end()
 .text._ZN4Uart5flushEv
                0x0000000000003cca       0x16 /home/jambox/dev/stretch_me/stretcher/build/core/core.a(Uart.cpp.o)
                0x0000000000003cca                Uart::flush()
 .text._ZN4Uart16extractNbStopBitEt
                0x0000000000003ce0        0xc /home/jambox/dev/stretch_me/stretcher/build/core/core.a(Uart.cpp.o)
                0x0000000000003ce0                Uart::extractNbStopBit(unsigned short)
 .text._ZN4Uart15extractCharSizeEt
                0x0000000000003cec       0x28 /home/jambox/dev/stretch_me/stretcher/build/core/core.a(Uart.cpp.o)
                0x0000000000003cec                Uart::extractCharSize(unsigned short)
 .text._ZN4Uart13extractParityEt
                0x0000000000003d14       0x14 /home/jambox/dev/stretch_me/stretcher/build/core/core.a(Uart.cpp.o)
                0x0000000000003d14                Uart::extractParity(unsigned short)
 .text._ZN4Uart5beginEmt
                0x0000000000003d28       0xf8 /home/jambox/dev/stretch_me/stretcher/build/core/core.a(Uart.cpp.o)
                0x0000000000003d28                Uart::begin(unsigned long, unsigned short)
 .text._ZN7arduino11RingBufferNILi256EEC2Ev
                0x0000000000003e20       0x1e /home/jambox/dev/stretch_me/stretcher/build/core/core.a(Uart.cpp.o)
                0x0000000000003e20                arduino::RingBufferN<256>::RingBufferN()
                0x0000000000003e20                arduino::RingBufferN<256>::RingBufferN()
 *fill*         0x0000000000003e3e        0x2 
 .text._ZN4UartC2EP6SERCOMhh11SercomRXPad15SercomUartTXPadhh
                0x0000000000003e40       0x88 /home/jambox/dev/stretch_me/stretcher/build/core/core.a(Uart.cpp.o)
                0x0000000000003e40                Uart::Uart(SERCOM*, unsigned char, unsigned char, SercomRXPad, SercomUartTXPad, unsigned char, unsigned char)
                0x0000000000003e40                Uart::Uart(SERCOM*, unsigned char, unsigned char, SercomRXPad, SercomUartTXPad, unsigned char, unsigned char)
 .text._ZN4UartC2EP6SERCOMhh11SercomRXPad15SercomUartTXPad
                0x0000000000003ec8       0x74 /home/jambox/dev/stretch_me/stretcher/build/core/core.a(Uart.cpp.o)
                0x0000000000003ec8                Uart::Uart(SERCOM*, unsigned char, unsigned char, SercomRXPad, SercomUartTXPad)
                0x0000000000003ec8                Uart::Uart(SERCOM*, unsigned char, unsigned char, SercomRXPad, SercomUartTXPad)
 .text._ZN7arduino15SafeRingBufferNILi256EE10store_charEh
                0x0000000000003f3c       0x4a /home/jambox/dev/stretch_me/stretcher/build/core/core.a(Uart.cpp.o)
                0x0000000000003f3c                arduino::SafeRingBufferN<256>::store_char(unsigned char)
 .text._ZN7arduino15SafeRingBufferNILi256EE9read_charEv
                0x0000000000003f86       0x50 /home/jambox/dev/stretch_me/stretcher/build/core/core.a(Uart.cpp.o)
                0x0000000000003f86                arduino::SafeRingBufferN<256>::read_char()
 .text._ZN4Uart10IrqHandlerEv
                0x0000000000003fd6       0xa4 /home/jambox/dev/stretch_me/stretcher/build/core/core.a(Uart.cpp.o)
                0x0000000000003fd6                Uart::IrqHandler()
 *fill*         0x000000000000407a        0x2 
 .text._ZN4Uart5writeEh
                0x000000000000407c       0x9c /home/jambox/dev/stretch_me/stretcher/build/core/core.a(Uart.cpp.o)
                0x000000000000407c                Uart::write(unsigned char)
 .text._ZN4Uart4readEv
                0x0000000000004118       0x34 /home/jambox/dev/stretch_me/stretcher/build/core/core.a(Uart.cpp.o)
                0x0000000000004118                Uart::read()
 .text._ZN7arduino13PluggableUSB_12getInterfaceEPh
                0x000000000000414c       0x28 /home/jambox/dev/stretch_me/stretcher/build/core/core.a(PluggableUSB.cpp.o)
                0x000000000000414c                arduino::PluggableUSB_::getInterface(unsigned char*)
 .text._ZN7arduino13PluggableUSB_13getDescriptorERNS_8USBSetupE
                0x0000000000004174       0x20 /home/jambox/dev/stretch_me/stretcher/build/core/core.a(PluggableUSB.cpp.o)
                0x0000000000004174                arduino::PluggableUSB_::getDescriptor(arduino::USBSetup&)
 .text._ZN7arduino13PluggableUSB_12getShortNameEPc
                0x0000000000004194       0x1e /home/jambox/dev/stretch_me/stretcher/build/core/core.a(PluggableUSB.cpp.o)
                0x0000000000004194                arduino::PluggableUSB_::getShortName(char*)
 .text._ZN7arduino13PluggableUSB_5setupERNS_8USBSetupE
                0x00000000000041b2       0x20 /home/jambox/dev/stretch_me/stretcher/build/core/core.a(PluggableUSB.cpp.o)
                0x00000000000041b2                arduino::PluggableUSB_::setup(arduino::USBSetup&)
 .text._ZN7arduino13PluggableUSB_4plugEPNS_18PluggableUSBModuleE
                0x00000000000041d2       0x5c /home/jambox/dev/stretch_me/stretcher/build/core/core.a(PluggableUSB.cpp.o)
                0x00000000000041d2                arduino::PluggableUSB_::plug(arduino::PluggableUSBModule*)
 *fill*         0x000000000000422e        0x2 
 .text._Z12PluggableUSBv
                0x0000000000004230       0x24 /home/jambox/dev/stretch_me/stretcher/build/core/core.a(PluggableUSB.cpp.o)
                0x0000000000004230                PluggableUSB()
 .text._ZN7arduino5Print5writeEPKhj
                0x0000000000004254       0x28 /home/jambox/dev/stretch_me/stretcher/build/core/core.a(Print.cpp.o)
                0x0000000000004254                arduino::Print::write(unsigned char const*, unsigned int)
 .text._ZN7arduino5Print5writeEPKc.part.2
                0x000000000000427c       0x1a /home/jambox/dev/stretch_me/stretcher/build/core/core.a(Print.cpp.o)
 .text._ZN7arduino5Print5writeEPKc
                0x0000000000004296       0x10 /home/jambox/dev/stretch_me/stretcher/build/core/core.a(Print.cpp.o)
                0x0000000000004296                arduino::Print::write(char const*)
 .text._ZN7arduino5Print5printEc
                0x00000000000042a6        0xa /home/jambox/dev/stretch_me/stretcher/build/core/core.a(Print.cpp.o)
                0x00000000000042a6                arduino::Print::print(char)
 .text._ZN7arduino5Print7printlnEv
                0x00000000000042b0       0x10 /home/jambox/dev/stretch_me/stretcher/build/core/core.a(Print.cpp.o)
                0x00000000000042b0                arduino::Print::println()
 .text._ZN7arduino5Print11printNumberEmh
                0x00000000000042c0       0x48 /home/jambox/dev/stretch_me/stretcher/build/core/core.a(Print.cpp.o)
                0x00000000000042c0                arduino::Print::printNumber(unsigned long, unsigned char)
 .text._ZN7arduino5Print5printEli
                0x0000000000004308       0x3e /home/jambox/dev/stretch_me/stretcher/build/core/core.a(Print.cpp.o)
                0x0000000000004308                arduino::Print::print(long, int)
 .text._ZN7arduino5Print7printlnEii
                0x0000000000004346       0x14 /home/jambox/dev/stretch_me/stretcher/build/core/core.a(Print.cpp.o)
                0x0000000000004346                arduino::Print::println(int, int)
 .text.Dummy_Handler
                0x000000000000435a        0x2 /home/jambox/dev/stretch_me/stretcher/build/core/core.a(cortex_handlers.c.o)
                0x000000000000435a                DMAC_Handler
                0x000000000000435a                HardFault_Handler
                0x000000000000435a                AC_Handler
                0x000000000000435a                PendSV_Handler
                0x000000000000435a                NMI_Handler
                0x000000000000435a                TC7_Handler
                0x000000000000435a                SERCOM1_Handler
                0x000000000000435a                ADC_Handler
                0x000000000000435a                TCC1_Handler
                0x000000000000435a                TCC0_Handler
                0x000000000000435a                RTC_Handler
                0x000000000000435a                EIC_Handler
                0x000000000000435a                TC6_Handler
                0x000000000000435a                WDT_Handler
                0x000000000000435a                TC4_Handler
                0x000000000000435a                Dummy_Handler
                0x000000000000435a                PM_Handler
                0x000000000000435a                SVC_Handler
                0x000000000000435a                TCC2_Handler
                0x000000000000435a                EVSYS_Handler
                0x000000000000435a                SERCOM4_Handler
                0x000000000000435a                I2S_Handler
                0x000000000000435a                NVMCTRL_Handler
                0x000000000000435a                SERCOM0_Handler
                0x000000000000435a                DAC_Handler
                0x000000000000435a                PTC_Handler
                0x000000000000435a                SYSCTRL_Handler
 .text.USB_Handler
                0x000000000000435c       0x14 /home/jambox/dev/stretch_me/stretcher/build/core/core.a(cortex_handlers.c.o)
                0x000000000000435c                USB_Handler
 .text.Reset_Handler
                0x0000000000004370       0x54 /home/jambox/dev/stretch_me/stretcher/build/core/core.a(cortex_handlers.c.o)
                0x0000000000004370                Reset_Handler
 .text.SysTick_Handler
                0x00000000000043c4       0x10 /home/jambox/dev/stretch_me/stretcher/build/core/core.a(cortex_handlers.c.o)
                0x00000000000043c4                SysTick_Handler
 .text.USB_SetHandler
                0x00000000000043d4        0xc /home/jambox/dev/stretch_me/stretcher/build/core/core.a(cortex_handlers.c.o)
                0x00000000000043d4                USB_SetHandler
 .text.millis   0x00000000000043e0        0xc /home/jambox/dev/stretch_me/stretcher/build/core/core.a(delay.c.o)
                0x00000000000043e0                millis
 .text.micros   0x00000000000043ec       0x60 /home/jambox/dev/stretch_me/stretcher/build/core/core.a(delay.c.o)
                0x00000000000043ec                micros
 .text.delay    0x000000000000444c       0x30 /home/jambox/dev/stretch_me/stretcher/build/core/core.a(delay.c.o)
                0x000000000000444c                delay
 .text.SysTick_DefaultHandler
                0x000000000000447c       0x14 /home/jambox/dev/stretch_me/stretcher/build/core/core.a(delay.c.o)
                0x000000000000447c                SysTick_DefaultHandler
 .text.delayMicroseconds
                0x0000000000004490       0x16 /home/jambox/dev/stretch_me/stretcher/build/core/core.a(delay.c.o)
                0x0000000000004490                delayMicroseconds
 .text.__empty  0x00000000000044a6        0x2 /home/jambox/dev/stretch_me/stretcher/build/core/core.a(hooks.c.o)
                0x00000000000044a6                yield
 .text.__false  0x00000000000044a8        0x4 /home/jambox/dev/stretch_me/stretcher/build/core/core.a(hooks.c.o)
                0x00000000000044a8                sysTickHook
 .text.startup.main
                0x00000000000044ac       0x40 /home/jambox/dev/stretch_me/stretcher/build/core/core.a(main.cpp.o)
                0x00000000000044ac                main
 .text._Znwj    0x00000000000044ec        0x8 /home/jambox/dev/stretch_me/stretcher/build/core/core.a(new.cpp.o)
                0x00000000000044ec                operator new(unsigned int)
 .text._ZdlPv   0x00000000000044f4        0x8 /home/jambox/dev/stretch_me/stretcher/build/core/core.a(new.cpp.o)
                0x00000000000044f4                operator delete(void*)
 .text.SystemInit
                0x00000000000044fc      0x194 /home/jambox/dev/stretch_me/stretcher/build/core/core.a(startup.c.o)
                0x00000000000044fc                SystemInit
 .text.init     0x0000000000004690       0xf0 /home/jambox/dev/stretch_me/stretcher/build/core/core.a(wiring.c.o)
                0x0000000000004690                init
 .text.mapResolution
                0x0000000000004780       0x12 /home/jambox/dev/stretch_me/stretcher/build/core/core.a(wiring_analog.c.o)
 *fill*         0x0000000000004792        0x2 
 .text.analogReference
                0x0000000000004794       0x64 /home/jambox/dev/stretch_me/stretcher/build/core/core.a(wiring_analog.c.o)
                0x0000000000004794                analogReference
 .text.analogRead
                0x00000000000047f8       0xdc /home/jambox/dev/stretch_me/stretcher/build/core/core.a(wiring_analog.c.o)
                0x00000000000047f8                analogRead
 .text.pinMode  0x00000000000048d4       0x98 /home/jambox/dev/stretch_me/stretcher/build/core/core.a(wiring_digital.c.o)
                0x00000000000048d4                pinMode
 .text.digitalWrite
                0x000000000000496c       0x58 /home/jambox/dev/stretch_me/stretcher/build/core/core.a(wiring_digital.c.o)
                0x000000000000496c                digitalWrite
 .text.digitalRead
                0x00000000000049c4       0x30 /home/jambox/dev/stretch_me/stretcher/build/core/core.a(wiring_digital.c.o)
                0x00000000000049c4                digitalRead
 .text.pinPeripheral
                0x00000000000049f4       0xc0 /home/jambox/dev/stretch_me/stretcher/build/core/core.a(wiring_private.c.o)
                0x00000000000049f4                pinPeripheral
 .text.initiateReset
                0x0000000000004ab4       0x14 /home/jambox/dev/stretch_me/stretcher/build/core/core.a(Reset.cpp.o)
                0x0000000000004ab4                initiateReset
 .text.cancelReset
                0x0000000000004ac8       0x10 /home/jambox/dev/stretch_me/stretcher/build/core/core.a(Reset.cpp.o)
                0x0000000000004ac8                cancelReset
 .text.tickReset
                0x0000000000004ad8       0x78 /home/jambox/dev/stretch_me/stretcher/build/core/core.a(Reset.cpp.o)
                0x0000000000004ad8                tickReset
 .text._ZdlPvj  0x0000000000004b50        0x8 /home/jambox/.arduino15/packages/arduino/tools/arm-none-eabi-gcc/7-2017q4/bin/../lib/gcc/arm-none-eabi/7.2.1/../../../../arm-none-eabi/lib/thumb/v6-m/libstdc++_nano.a(del_ops.o)
                0x0000000000004b50                operator delete(void*, unsigned int)
 .text.round    0x0000000000004b58       0xb0 /home/jambox/.arduino15/packages/arduino/tools/arm-none-eabi-gcc/7-2017q4/bin/../lib/gcc/arm-none-eabi/7.2.1/../../../../arm-none-eabi/lib/thumb/v6-m/libm.a(lib_a-s_round.o)
                0x0000000000004b58                round
 .text          0x0000000000004c08       0x14 /home/jambox/.arduino15/packages/arduino/tools/arm-none-eabi-gcc/7-2017q4/bin/../lib/gcc/arm-none-eabi/7.2.1/thumb/v6-m/libgcc.a(_thumb1_case_uqi.o)
                0x0000000000004c08                __gnu_thumb1_case_uqi
 .text          0x0000000000004c1c      0x114 /home/jambox/.arduino15/packages/arduino/tools/arm-none-eabi-gcc/7-2017q4/bin/../lib/gcc/arm-none-eabi/7.2.1/thumb/v6-m/libgcc.a(_udivsi3.o)
                0x0000000000004c1c                __udivsi3
                0x0000000000004c1c                __aeabi_uidiv
                0x0000000000004d28                __aeabi_uidivmod
 .text          0x0000000000004d30        0x4 /home/jambox/.arduino15/packages/arduino/tools/arm-none-eabi-gcc/7-2017q4/bin/../lib/gcc/arm-none-eabi/7.2.1/thumb/v6-m/libgcc.a(_dvmd_tls.o)
                0x0000000000004d30                __aeabi_ldiv0
                0x0000000000004d30                __aeabi_idiv0
 .text          0x0000000000004d34       0x7c /home/jambox/.arduino15/packages/arduino/tools/arm-none-eabi-gcc/7-2017q4/bin/../lib/gcc/arm-none-eabi/7.2.1/thumb/v6-m/libgcc.a(_arm_cmpdf2.o)
                0x0000000000004d34                __aeabi_cdrcmple
                0x0000000000004d44                __aeabi_cdcmple
                0x0000000000004d44                __aeabi_cdcmpeq
                0x0000000000004d54                __aeabi_dcmpeq
                0x0000000000004d60                __aeabi_dcmplt
                0x0000000000004d74                __aeabi_dcmple
                0x0000000000004d88                __aeabi_dcmpgt
                0x0000000000004d9c                __aeabi_dcmpge
 .text          0x0000000000004db0       0x3c /home/jambox/.arduino15/packages/arduino/tools/arm-none-eabi-gcc/7-2017q4/bin/../lib/gcc/arm-none-eabi/7.2.1/thumb/v6-m/libgcc.a(_fixunsdfsi.o)
                0x0000000000004db0                __fixunsdfsi
                0x0000000000004db0                __aeabi_d2uiz
 .text          0x0000000000004dec      0x638 /home/jambox/.arduino15/packages/arduino/tools/arm-none-eabi-gcc/7-2017q4/bin/../lib/gcc/arm-none-eabi/7.2.1/thumb/v6-m/libgcc.a(adddf3.o)
                0x0000000000004dec                __aeabi_dadd
 .text          0x0000000000005424      0x604 /home/jambox/.arduino15/packages/arduino/tools/arm-none-eabi-gcc/7-2017q4/bin/../lib/gcc/arm-none-eabi/7.2.1/thumb/v6-m/libgcc.a(divdf3.o)
                0x0000000000005424                __aeabi_ddiv
 .text          0x0000000000005a28       0x78 /home/jambox/.arduino15/packages/arduino/tools/arm-none-eabi-gcc/7-2017q4/bin/../lib/gcc/arm-none-eabi/7.2.1/thumb/v6-m/libgcc.a(eqdf2.o)
                0x0000000000005a28                __eqdf2
                0x0000000000005a28                __nedf2
 .text          0x0000000000005aa0       0xc8 /home/jambox/.arduino15/packages/arduino/tools/arm-none-eabi-gcc/7-2017q4/bin/../lib/gcc/arm-none-eabi/7.2.1/thumb/v6-m/libgcc.a(gedf2.o)
                0x0000000000005aa0                __gtdf2
                0x0000000000005aa0                __gedf2
 .text          0x0000000000005b68       0xd0 /home/jambox/.arduino15/packages/arduino/tools/arm-none-eabi-gcc/7-2017q4/bin/../lib/gcc/arm-none-eabi/7.2.1/thumb/v6-m/libgcc.a(ledf2.o)
                0x0000000000005b68                __ltdf2
                0x0000000000005b68                __ledf2
 .text          0x0000000000005c38      0x4e4 /home/jambox/.arduino15/packages/arduino/tools/arm-none-eabi-gcc/7-2017q4/bin/../lib/gcc/arm-none-eabi/7.2.1/thumb/v6-m/libgcc.a(muldf3.o)
                0x0000000000005c38                __aeabi_dmul
 .text          0x000000000000611c      0x690 /home/jambox/.arduino15/packages/arduino/tools/arm-none-eabi-gcc/7-2017q4/bin/../lib/gcc/arm-none-eabi/7.2.1/thumb/v6-m/libgcc.a(subdf3.o)
                0x000000000000611c                __aeabi_dsub
 .text          0x00000000000067ac       0x6c /home/jambox/.arduino15/packages/arduino/tools/arm-none-eabi-gcc/7-2017q4/bin/../lib/gcc/arm-none-eabi/7.2.1/thumb/v6-m/libgcc.a(fixdfsi.o)
                0x00000000000067ac                __aeabi_d2iz
 .text          0x0000000000006818       0x64 /home/jambox/.arduino15/packages/arduino/tools/arm-none-eabi-gcc/7-2017q4/bin/../lib/gcc/arm-none-eabi/7.2.1/thumb/v6-m/libgcc.a(floatunsidf.o)
                0x0000000000006818                __aeabi_ui2d
 .text          0x000000000000687c       0x3c /home/jambox/.arduino15/packages/arduino/tools/arm-none-eabi-gcc/7-2017q4/bin/../lib/gcc/arm-none-eabi/7.2.1/thumb/v6-m/libgcc.a(_clzsi2.o)
                0x000000000000687c                __clzsi2
 .text.__libc_init_array
                0x00000000000068b8       0x48 /home/jambox/.arduino15/packages/arduino/tools/arm-none-eabi-gcc/7-2017q4/bin/../lib/gcc/arm-none-eabi/7.2.1/../../../../arm-none-eabi/lib/thumb/v6-m/libc_nano.a(lib_a-init.o)
                0x00000000000068b8                __libc_init_array
 .text.malloc   0x0000000000006900       0x14 /home/jambox/.arduino15/packages/arduino/tools/arm-none-eabi-gcc/7-2017q4/bin/../lib/gcc/arm-none-eabi/7.2.1/../../../../arm-none-eabi/lib/thumb/v6-m/libc_nano.a(lib_a-malloc.o)
                0x0000000000006900                malloc
 .text.free     0x0000000000006914       0x14 /home/jambox/.arduino15/packages/arduino/tools/arm-none-eabi-gcc/7-2017q4/bin/../lib/gcc/arm-none-eabi/7.2.1/../../../../arm-none-eabi/lib/thumb/v6-m/libc_nano.a(lib_a-malloc.o)
                0x0000000000006914                free
 .text.memcpy   0x0000000000006928       0x12 /home/jambox/.arduino15/packages/arduino/tools/arm-none-eabi-gcc/7-2017q4/bin/../lib/gcc/arm-none-eabi/7.2.1/../../../../arm-none-eabi/lib/thumb/v6-m/libc_nano.a(lib_a-memcpy-stub.o)
                0x0000000000006928                memcpy
 .text.memset   0x000000000000693a       0x10 /home/jambox/.arduino15/packages/arduino/tools/arm-none-eabi-gcc/7-2017q4/bin/../lib/gcc/arm-none-eabi/7.2.1/../../../../arm-none-eabi/lib/thumb/v6-m/libc_nano.a(lib_a-memset.o)
                0x000000000000693a                memset
 *fill*         0x000000000000694a        0x2 
 .text._free_r  0x000000000000694c       0x94 /home/jambox/.arduino15/packages/arduino/tools/arm-none-eabi-gcc/7-2017q4/bin/../lib/gcc/arm-none-eabi/7.2.1/../../../../arm-none-eabi/lib/thumb/v6-m/libc_nano.a(lib_a-nano-freer.o)
                0x000000000000694c                _free_r
 .text._malloc_r
                0x00000000000069e0       0xbc /home/jambox/.arduino15/packages/arduino/tools/arm-none-eabi-gcc/7-2017q4/bin/../lib/gcc/arm-none-eabi/7.2.1/../../../../arm-none-eabi/lib/thumb/v6-m/libc_nano.a(lib_a-nano-mallocr.o)
                0x00000000000069e0                _malloc_r
 .text._sbrk_r  0x0000000000006a9c       0x24 /home/jambox/.arduino15/packages/arduino/tools/arm-none-eabi-gcc/7-2017q4/bin/../lib/gcc/arm-none-eabi/7.2.1/../../../../arm-none-eabi/lib/thumb/v6-m/libc_nano.a(lib_a-sbrkr.o)
                0x0000000000006a9c                _sbrk_r
 .text          0x0000000000006ac0        0xe /home/jambox/.arduino15/packages/arduino/tools/arm-none-eabi-gcc/7-2017q4/bin/../lib/gcc/arm-none-eabi/7.2.1/../../../../arm-none-eabi/lib/thumb/v6-m/libc_nano.a(lib_a-strlen.o)
                0x0000000000006ac0                strlen
 .text.__malloc_lock
                0x0000000000006ace        0x2 /home/jambox/.arduino15/packages/arduino/tools/arm-none-eabi-gcc/7-2017q4/bin/../lib/gcc/arm-none-eabi/7.2.1/../../../../arm-none-eabi/lib/thumb/v6-m/libc_nano.a(lib_a-mlock.o)
                0x0000000000006ace                __malloc_lock
 .text.__malloc_unlock
                0x0000000000006ad0        0x2 /home/jambox/.arduino15/packages/arduino/tools/arm-none-eabi-gcc/7-2017q4/bin/../lib/gcc/arm-none-eabi/7.2.1/../../../../arm-none-eabi/lib/thumb/v6-m/libc_nano.a(lib_a-mlock.o)
                0x0000000000006ad0                __malloc_unlock
 *fill*         0x0000000000006ad2        0x2 
 .text._sbrk    0x0000000000006ad4       0x1c /home/jambox/.arduino15/packages/arduino/tools/arm-none-eabi-gcc/7-2017q4/bin/../lib/gcc/arm-none-eabi/7.2.1/../../../../arm-none-eabi/lib/thumb/v6-m/libnosys.a(sbrk.o)
                0x0000000000006ad4                _sbrk
 *(.init)
 .init          0x0000000000006af0        0x4 /home/jambox/.arduino15/packages/arduino/tools/arm-none-eabi-gcc/7-2017q4/bin/../lib/gcc/arm-none-eabi/7.2.1/thumb/v6-m/crti.o
                0x0000000000006af0                _init
 .init          0x0000000000006af4        0x8 /home/jambox/.arduino15/packages/arduino/tools/arm-none-eabi-gcc/7-2017q4/bin/../lib/gcc/arm-none-eabi/7.2.1/thumb/v6-m/crtn.o
 *(.fini)
 .fini          0x0000000000006afc        0x4 /home/jambox/.arduino15/packages/arduino/tools/arm-none-eabi-gcc/7-2017q4/bin/../lib/gcc/arm-none-eabi/7.2.1/thumb/v6-m/crti.o
                0x0000000000006afc                _fini
 .fini          0x0000000000006b00        0x8 /home/jambox/.arduino15/packages/arduino/tools/arm-none-eabi-gcc/7-2017q4/bin/../lib/gcc/arm-none-eabi/7.2.1/thumb/v6-m/crtn.o
 *crtbegin.o(.ctors)
 *crtbegin?.o(.ctors)
 *(EXCLUDE_FILE(*crtend.o *crtend?.o) .ctors)
 *(SORT_BY_NAME(.ctors.*))
 *(.ctors)
 *crtbegin.o(.dtors)
 *crtbegin?.o(.dtors)
 *(EXCLUDE_FILE(*crtend.o *crtend?.o) .dtors)
 *(SORT_BY_NAME(.dtors.*))
 *(.dtors)
 *(.rodata*)
 .rodata.g_APinDescription
                0x0000000000006b08      0x318 /home/jambox/dev/stretch_me/stretcher/build/core/variant.cpp.o
                0x0000000000006b08                g_APinDescription
 .rodata        0x0000000000006e20        0x8 /home/jambox/dev/stretch_me/stretcher/build/core/core.a(CDC.cpp.o)
 .rodata._ZTV7Serial_
                0x0000000000006e28       0x60 /home/jambox/dev/stretch_me/stretcher/build/core/core.a(CDC.cpp.o)
                0x0000000000006e28                vtable for Serial_
 .rodata._ZTV26DoubleBufferedEPOutHandler
                0x0000000000006e88       0x24 /home/jambox/dev/stretch_me/stretcher/build/core/core.a(USBCore.cpp.o)
                0x0000000000006e88                vtable for DoubleBufferedEPOutHandler
 .rodata._ZL14STRING_PRODUCT
                0x0000000000006eac       0x14 /home/jambox/dev/stretch_me/stretcher/build/core/core.a(USBCore.cpp.o)
 .rodata._ZL15STRING_LANGUAGE
                0x0000000000006ec0        0x4 /home/jambox/dev/stretch_me/stretcher/build/core/core.a(USBCore.cpp.o)
 .rodata._ZL19STRING_MANUFACTURER
                0x0000000000006ec4        0xc /home/jambox/dev/stretch_me/stretcher/build/core/core.a(USBCore.cpp.o)
 .rodata._ZL21USB_DeviceDescriptorB
                0x0000000000006ed0       0x12 /home/jambox/dev/stretch_me/stretcher/build/core/core.a(USBCore.cpp.o)
 *fill*         0x0000000000006ee2        0x2 
 .rodata._ZTV4Uart
                0x0000000000006ee4       0x34 /home/jambox/dev/stretch_me/stretcher/build/core/core.a(Uart.cpp.o)
                0x0000000000006ee4                vtable for Uart
 .rodata._ZN7arduino5Print7printlnEv.str1.1
                0x0000000000006f18        0x3 /home/jambox/dev/stretch_me/stretcher/build/core/core.a(Print.cpp.o)
 *fill*         0x0000000000006f1b        0x1 
 .rodata        0x0000000000006f1c       0x40 /home/jambox/.arduino15/packages/arduino/tools/arm-none-eabi-gcc/7-2017q4/bin/../lib/gcc/arm-none-eabi/7.2.1/thumb/v6-m/libgcc.a(divdf3.o)
 .rodata        0x0000000000006f5c       0x40 /home/jambox/.arduino15/packages/arduino/tools/arm-none-eabi-gcc/7-2017q4/bin/../lib/gcc/arm-none-eabi/7.2.1/thumb/v6-m/libgcc.a(muldf3.o)
 *(.eh_frame*)
 .eh_frame      0x0000000000006f9c        0x0 /home/jambox/.arduino15/packages/arduino/tools/arm-none-eabi-gcc/7-2017q4/bin/../lib/gcc/arm-none-eabi/7.2.1/thumb/v6-m/crtbegin.o
 .eh_frame      0x0000000000006f9c        0x4 /home/jambox/.arduino15/packages/arduino/tools/arm-none-eabi-gcc/7-2017q4/bin/../lib/gcc/arm-none-eabi/7.2.1/thumb/v6-m/crtend.o

.glue_7         0x0000000000006fa0        0x0
 .glue_7        0x0000000000006fa0        0x0 linker stubs

.glue_7t        0x0000000000006fa0        0x0
 .glue_7t       0x0000000000006fa0        0x0 linker stubs

.vfp11_veneer   0x0000000000006fa0        0x0
 .vfp11_veneer  0x0000000000006fa0        0x0 linker stubs

.v4_bx          0x0000000000006fa0        0x0
 .v4_bx         0x0000000000006fa0        0x0 linker stubs

.iplt           0x0000000000006fa0        0x0
 .iplt          0x0000000000006fa0        0x0 /home/jambox/.arduino15/packages/arduino/tools/arm-none-eabi-gcc/7-2017q4/bin/../lib/gcc/arm-none-eabi/7.2.1/thumb/v6-m/crtbegin.o

.rel.dyn        0x0000000000006fa0        0x0
 .rel.iplt      0x0000000000006fa0        0x0 /home/jambox/.arduino15/packages/arduino/tools/arm-none-eabi-gcc/7-2017q4/bin/../lib/gcc/arm-none-eabi/7.2.1/thumb/v6-m/crtbegin.o

.ARM.extab
 *(.ARM.extab* .gnu.linkonce.armextab.*)
                0x0000000000006fa0                __exidx_start = .

.ARM.exidx
 *(.ARM.exidx* .gnu.linkonce.armexidx.*)
                0x0000000000006fa0                __exidx_end = .
                0x0000000000006fa0                __etext = .

.data           0x0000000020000000       0x94 load address 0x0000000000006fa0
                0x0000000020000000                __data_start__ = .
 *(vtable)
 *(.data*)
 .data._ZL10breakValue
                0x0000000020000000        0x4 /home/jambox/dev/stretch_me/stretcher/build/core/core.a(CDC.cpp.o)
 .data._serialPeek
                0x0000000020000004        0x4 /home/jambox/dev/stretch_me/stretcher/build/core/core.a(CDC.cpp.o)
                0x0000000020000004                _serialPeek
 .data.SystemCoreClock
                0x0000000020000008        0x4 /home/jambox/dev/stretch_me/stretcher/build/core/core.a(wiring.c.o)
                0x0000000020000008                SystemCoreClock
 .data._ADCResolution
                0x000000002000000c        0x4 /home/jambox/dev/stretch_me/stretcher/build/core/core.a(wiring_analog.c.o)
 .data._readResolution
                0x0000000020000010        0x4 /home/jambox/dev/stretch_me/stretcher/build/core/core.a(wiring_analog.c.o)
 .data._ZL5ticks
                0x0000000020000014        0x4 /home/jambox/dev/stretch_me/stretcher/build/core/core.a(Reset.cpp.o)
 .data._impure_ptr
                0x0000000020000018        0x4 /home/jambox/.arduino15/packages/arduino/tools/arm-none-eabi-gcc/7-2017q4/bin/../lib/gcc/arm-none-eabi/7.2.1/../../../../arm-none-eabi/lib/thumb/v6-m/libc_nano.a(lib_a-impure.o)
                0x0000000020000018                _impure_ptr
 .data.impure_data
                0x000000002000001c       0x60 /home/jambox/.arduino15/packages/arduino/tools/arm-none-eabi-gcc/7-2017q4/bin/../lib/gcc/arm-none-eabi/7.2.1/../../../../arm-none-eabi/lib/thumb/v6-m/libc_nano.a(lib_a-impure.o)
                0x000000002000007c                . = ALIGN (0x4)
                0x000000002000007c                PROVIDE (__preinit_array_start, .)
 *(.preinit_array)
                0x000000002000007c                PROVIDE (__preinit_array_end, .)
                0x000000002000007c                . = ALIGN (0x4)
                0x000000002000007c                PROVIDE (__init_array_start, .)
 *(SORT_BY_NAME(.init_array.*))
 *(.init_array)
 .init_array    0x000000002000007c        0x4 /home/jambox/.arduino15/packages/arduino/tools/arm-none-eabi-gcc/7-2017q4/bin/../lib/gcc/arm-none-eabi/7.2.1/thumb/v6-m/crtbegin.o
 .init_array    0x0000000020000080        0x4 /home/jambox/dev/stretch_me/stretcher/build/sketch/stretcher.ino.cpp.o
 .init_array    0x0000000020000084        0x4 /home/jambox/dev/stretch_me/stretcher/build/core/variant.cpp.o
 .init_array    0x0000000020000088        0x4 /home/jambox/dev/stretch_me/stretcher/build/core/core.a(CDC.cpp.o)
 .init_array    0x000000002000008c        0x4 /home/jambox/dev/stretch_me/stretcher/build/core/core.a(USBCore.cpp.o)
                0x0000000020000090                PROVIDE (__init_array_end, .)
                0x0000000020000090                . = ALIGN (0x4)
                [!provide]                        PROVIDE (__fini_array_start, .)
 *(SORT_BY_NAME(.fini_array.*))
 *(.fini_array)
 .fini_array    0x0000000020000090        0x4 /home/jambox/.arduino15/packages/arduino/tools/arm-none-eabi-gcc/7-2017q4/bin/../lib/gcc/arm-none-eabi/7.2.1/thumb/v6-m/crtbegin.o
                [!provide]                        PROVIDE (__fini_array_end, .)
 *(.jcr*)
                0x0000000020000094                . = ALIGN (0x4)
                0x0000000020000094                __data_end__ = .

.igot.plt       0x0000000020000094        0x0 load address 0x0000000000007034
 .igot.plt      0x0000000020000094        0x0 /home/jambox/.arduino15/packages/arduino/tools/arm-none-eabi-gcc/7-2017q4/bin/../lib/gcc/arm-none-eabi/7.2.1/thumb/v6-m/crtbegin.o

.bss            0x0000000020000098      0xd8c load address 0x0000000000007038
                0x0000000020000098                . = ALIGN (0x4)
                0x0000000020000098                __bss_start__ = .
 *(.bss*)
 .bss           0x0000000020000098       0x1c /home/jambox/.arduino15/packages/arduino/tools/arm-none-eabi-gcc/7-2017q4/bin/../lib/gcc/arm-none-eabi/7.2.1/thumb/v6-m/crtbegin.o
 *fill*         0x00000000200000b4        0x4 
 .bss.step      0x00000000200000b8       0x28 /home/jambox/dev/stretch_me/stretcher/build/sketch/stretcher.ino.cpp.o
                0x00000000200000b8                step
 .bss.Serial1   0x00000000200000e0      0x244 /home/jambox/dev/stretch_me/stretcher/build/core/variant.cpp.o
                0x00000000200000e0                Serial1
 .bss.Serial2   0x0000000020000324      0x244 /home/jambox/dev/stretch_me/stretcher/build/core/variant.cpp.o
                0x0000000020000324                Serial2
 .bss.SerialHCI
                0x0000000020000568      0x244 /home/jambox/dev/stretch_me/stretcher/build/core/variant.cpp.o
                0x0000000020000568                SerialHCI
 .bss.sercom0   0x00000000200007ac        0x8 /home/jambox/dev/stretch_me/stretcher/build/core/variant.cpp.o
                0x00000000200007ac                sercom0
 .bss.sercom1   0x00000000200007b4        0x8 /home/jambox/dev/stretch_me/stretcher/build/core/variant.cpp.o
                0x00000000200007b4                sercom1
 .bss.sercom2   0x00000000200007bc        0x8 /home/jambox/dev/stretch_me/stretcher/build/core/variant.cpp.o
                0x00000000200007bc                sercom2
 .bss.sercom3   0x00000000200007c4        0x8 /home/jambox/dev/stretch_me/stretcher/build/core/variant.cpp.o
                0x00000000200007c4                sercom3
 .bss.sercom4   0x00000000200007cc        0x8 /home/jambox/dev/stretch_me/stretcher/build/core/variant.cpp.o
                0x00000000200007cc                sercom4
 .bss.sercom5   0x00000000200007d4        0x8 /home/jambox/dev/stretch_me/stretcher/build/core/variant.cpp.o
                0x00000000200007d4                sercom5
 .bss.SerialUSB
                0x00000000200007dc       0x3c /home/jambox/dev/stretch_me/stretcher/build/core/core.a(CDC.cpp.o)
                0x00000000200007dc                SerialUSB
 .bss.EndPoints
                0x0000000020000818       0x28 /home/jambox/dev/stretch_me/stretcher/build/core/core.a(USBCore.cpp.o)
                0x0000000020000818                EndPoints
 .bss.USBDevice
                0x0000000020000840        0x1 /home/jambox/dev/stretch_me/stretcher/build/core/core.a(USBCore.cpp.o)
                0x0000000020000840                USBDevice
 *fill*         0x0000000020000841        0x3 
 .bss._ZL10epHandlers
                0x0000000020000844       0x1c /home/jambox/dev/stretch_me/stretcher/build/core/core.a(USBCore.cpp.o)
 .bss._ZL14isEndpointHalt
                0x0000000020000860        0x1 /home/jambox/dev/stretch_me/stretcher/build/core/core.a(USBCore.cpp.o)
 .bss._ZL20LastTransmitTimedOut
                0x0000000020000861        0x7 /home/jambox/dev/stretch_me/stretcher/build/core/core.a(USBCore.cpp.o)
 .bss._ZL21isRemoteWakeUpEnabled
                0x0000000020000868        0x1 /home/jambox/dev/stretch_me/stretcher/build/core/core.a(USBCore.cpp.o)
 *fill*         0x0000000020000869        0x3 
 .bss._ZL22udd_ep_in_cache_buffer
                0x000000002000086c      0x1c0 /home/jambox/dev/stretch_me/stretcher/build/core/core.a(USBCore.cpp.o)
 .bss._ZL23udd_ep_out_cache_buffer
                0x0000000020000a2c      0x1c0 /home/jambox/dev/stretch_me/stretcher/build/core/core.a(USBCore.cpp.o)
 .bss._dry_run  0x0000000020000bec        0x1 /home/jambox/dev/stretch_me/stretcher/build/core/core.a(USBCore.cpp.o)
                0x0000000020000bec                _dry_run
 .bss._pack_buffer
                0x0000000020000bed      0x100 /home/jambox/dev/stretch_me/stretcher/build/core/core.a(USBCore.cpp.o)
                0x0000000020000bed                _pack_buffer
 .bss._pack_message
                0x0000000020000ced        0x1 /home/jambox/dev/stretch_me/stretcher/build/core/core.a(USBCore.cpp.o)
                0x0000000020000ced                _pack_message
 .bss._pack_size
                0x0000000020000cee        0x2 /home/jambox/dev/stretch_me/stretcher/build/core/core.a(USBCore.cpp.o)
                0x0000000020000cee                _pack_size
 .bss._usbConfiguration
                0x0000000020000cf0        0x4 /home/jambox/dev/stretch_me/stretcher/build/core/core.a(USBCore.cpp.o)
                0x0000000020000cf0                _usbConfiguration
 .bss._usbSetInterface
                0x0000000020000cf4        0x4 /home/jambox/dev/stretch_me/stretcher/build/core/core.a(USBCore.cpp.o)
                0x0000000020000cf4                _usbSetInterface
 .bss.usbd      0x0000000020000cf8      0x104 /home/jambox/dev/stretch_me/stretcher/build/core/core.a(USBCore.cpp.o)
                0x0000000020000cf8                usbd
 .bss._ZGVZ12PluggableUSBvE3obj
                0x0000000020000dfc        0x4 /home/jambox/dev/stretch_me/stretcher/build/core/core.a(PluggableUSB.cpp.o)
 .bss._ZZ12PluggableUSBvE3obj
                0x0000000020000e00        0xc /home/jambox/dev/stretch_me/stretcher/build/core/core.a(PluggableUSB.cpp.o)
 .bss.usb_isr   0x0000000020000e0c        0x4 /home/jambox/dev/stretch_me/stretcher/build/core/core.a(cortex_handlers.c.o)
 .bss._ulTickCount
                0x0000000020000e10        0x4 /home/jambox/dev/stretch_me/stretcher/build/core/core.a(delay.c.o)
 .bss.__malloc_free_list
                0x0000000020000e14        0x4 /home/jambox/.arduino15/packages/arduino/tools/arm-none-eabi-gcc/7-2017q4/bin/../lib/gcc/arm-none-eabi/7.2.1/../../../../arm-none-eabi/lib/thumb/v6-m/libc_nano.a(lib_a-nano-mallocr.o)
                0x0000000020000e14                __malloc_free_list
 .bss.__malloc_sbrk_start
                0x0000000020000e18        0x4 /home/jambox/.arduino15/packages/arduino/tools/arm-none-eabi-gcc/7-2017q4/bin/../lib/gcc/arm-none-eabi/7.2.1/../../../../arm-none-eabi/lib/thumb/v6-m/libc_nano.a(lib_a-nano-mallocr.o)
                0x0000000020000e18                __malloc_sbrk_start
 .bss.heap_end.4102
                0x0000000020000e1c        0x4 /home/jambox/.arduino15/packages/arduino/tools/arm-none-eabi-gcc/7-2017q4/bin/../lib/gcc/arm-none-eabi/7.2.1/../../../../arm-none-eabi/lib/thumb/v6-m/libnosys.a(sbrk.o)
 *(COMMON)
 COMMON         0x0000000020000e20        0x4 /home/jambox/.arduino15/packages/arduino/tools/arm-none-eabi-gcc/7-2017q4/bin/../lib/gcc/arm-none-eabi/7.2.1/../../../../arm-none-eabi/lib/thumb/v6-m/libc_nano.a(lib_a-reent.o)
                0x0000000020000e20                errno
                0x0000000020000e24                . = ALIGN (0x4)
                0x0000000020000e24                __bss_end__ = .

.heap           0x0000000020000e24        0x0
                0x0000000020000e24                __end__ = .
                0x0000000020000e24                PROVIDE (end, .)
 *(.heap*)
                0x0000000020000e24                __HeapLimit = .

.stack_dummy    0x0000000020000e24        0x0
 *(.stack*)
                0x0000000020008000                __StackTop = (ORIGIN (RAM) + LENGTH (RAM))
                0x0000000020008000                __StackLimit = (__StackTop - SIZEOF (.stack_dummy))
                0x0000000020008000                PROVIDE (__stack, __StackTop)
                0x0000000020007fff                __ram_end__ = ((ORIGIN (RAM) + LENGTH (RAM)) - 0x1)
                0x0000000000000001                ASSERT ((__StackLimit >= __HeapLimit), region RAM overflowed with stack)
OUTPUT(/home/jambox/dev/stretch_me/stretcher/build/stretcher.ino.elf elf32-littlearm)

.ARM.attributes
                0x0000000000000000       0x28
 .ARM.attributes
                0x0000000000000000       0x1e /home/jambox/.arduino15/packages/arduino/tools/arm-none-eabi-gcc/7-2017q4/bin/../lib/gcc/arm-none-eabi/7.2.1/thumb/v6-m/crti.o
 .ARM.attributes
                0x000000000000001e       0x2c /home/jambox/.arduino15/packages/arduino/tools/arm-none-eabi-gcc/7-2017q4/bin/../lib/gcc/arm-none-eabi/7.2.1/thumb/v6-m/crtbegin.o
 .ARM.attributes
                0x000000000000004a       0x32 /home/jambox/dev/stretch_me/stretcher/build/sketch/stepper.cpp.o
 .ARM.attributes
                0x000000000000007c       0x32 /home/jambox/dev/stretch_me/stretcher/build/sketch/stretcher.ino.cpp.o
 .ARM.attributes
                0x00000000000000ae       0x32 /home/jambox/dev/stretch_me/stretcher/build/libraries/SparkFun_ProDriver_TC78G670FTG_Arduino_Library/SparkFun_ProDriver_TC78H670FTG_Arduino_Library.cpp.o
 .ARM.attributes
                0x00000000000000e0       0x32 /home/jambox/dev/stretch_me/stretcher/build/core/variant.cpp.o
 .ARM.attributes
                0x0000000000000112       0x32 /home/jambox/dev/stretch_me/stretcher/build/core/core.a(SERCOM.cpp.o)
 .ARM.attributes
                0x0000000000000144       0x32 /home/jambox/dev/stretch_me/stretcher/build/core/core.a(CDC.cpp.o)
 .ARM.attributes
                0x0000000000000176       0x32 /home/jambox/dev/stretch_me/stretcher/build/core/core.a(USBCore.cpp.o)
 .ARM.attributes
                0x00000000000001a8       0x32 /home/jambox/dev/stretch_me/stretcher/build/core/core.a(Uart.cpp.o)
 .ARM.attributes
                0x00000000000001da       0x32 /home/jambox/dev/stretch_me/stretcher/build/core/core.a(PluggableUSB.cpp.o)
 .ARM.attributes
                0x000000000000020c       0x32 /home/jambox/dev/stretch_me/stretcher/build/core/core.a(Print.cpp.o)
 .ARM.attributes
                0x000000000000023e       0x32 /home/jambox/dev/stretch_me/stretcher/build/core/core.a(cortex_handlers.c.o)
 .ARM.attributes
                0x0000000000000270       0x32 /home/jambox/dev/stretch_me/stretcher/build/core/core.a(delay.c.o)
 .ARM.attributes
                0x00000000000002a2       0x32 /home/jambox/dev/stretch_me/stretcher/build/core/core.a(hooks.c.o)
 .ARM.attributes
                0x00000000000002d4       0x32 /home/jambox/dev/stretch_me/stretcher/build/core/core.a(main.cpp.o)
 .ARM.attributes
                0x0000000000000306       0x32 /home/jambox/dev/stretch_me/stretcher/build/core/core.a(new.cpp.o)
 .ARM.attributes
                0x0000000000000338       0x32 /home/jambox/dev/stretch_me/stretcher/build/core/core.a(startup.c.o)
 .ARM.attributes
                0x000000000000036a       0x32 /home/jambox/dev/stretch_me/stretcher/build/core/core.a(wiring.c.o)
 .ARM.attributes
                0x000000000000039c       0x32 /home/jambox/dev/stretch_me/stretcher/build/core/core.a(wiring_analog.c.o)
 .ARM.attributes
                0x00000000000003ce       0x32 /home/jambox/dev/stretch_me/stretcher/build/core/core.a(wiring_digital.c.o)
 .ARM.attributes
                0x0000000000000400       0x32 /home/jambox/dev/stretch_me/stretcher/build/core/core.a(wiring_private.c.o)
 .ARM.attributes
                0x0000000000000432       0x32 /home/jambox/dev/stretch_me/stretcher/build/core/core.a(Reset.cpp.o)
 .ARM.attributes
                0x0000000000000464       0x2c /home/jambox/.arduino15/packages/arduino/tools/arm-none-eabi-gcc/7-2017q4/bin/../lib/gcc/arm-none-eabi/7.2.1/../../../../arm-none-eabi/lib/thumb/v6-m/libstdc++_nano.a(del_ops.o)
 .ARM.attributes
                0x0000000000000490       0x2c /home/jambox/.arduino15/packages/arduino/tools/arm-none-eabi-gcc/7-2017q4/bin/../lib/gcc/arm-none-eabi/7.2.1/../../../../arm-none-eabi/lib/thumb/v6-m/libm.a(lib_a-s_round.o)
 .ARM.attributes
                0x00000000000004bc       0x1e /home/jambox/.arduino15/packages/arduino/tools/arm-none-eabi-gcc/7-2017q4/bin/../lib/gcc/arm-none-eabi/7.2.1/thumb/v6-m/libgcc.a(_thumb1_case_uqi.o)
 .ARM.attributes
                0x00000000000004da       0x1e /home/jambox/.arduino15/packages/arduino/tools/arm-none-eabi-gcc/7-2017q4/bin/../lib/gcc/arm-none-eabi/7.2.1/thumb/v6-m/libgcc.a(_udivsi3.o)
 .ARM.attributes
                0x00000000000004f8       0x1e /home/jambox/.arduino15/packages/arduino/tools/arm-none-eabi-gcc/7-2017q4/bin/../lib/gcc/arm-none-eabi/7.2.1/thumb/v6-m/libgcc.a(_dvmd_tls.o)
 .ARM.attributes
                0x0000000000000516       0x1e /home/jambox/.arduino15/packages/arduino/tools/arm-none-eabi-gcc/7-2017q4/bin/../lib/gcc/arm-none-eabi/7.2.1/thumb/v6-m/libgcc.a(_arm_cmpdf2.o)
 .ARM.attributes
                0x0000000000000534       0x2c /home/jambox/.arduino15/packages/arduino/tools/arm-none-eabi-gcc/7-2017q4/bin/../lib/gcc/arm-none-eabi/7.2.1/thumb/v6-m/libgcc.a(_fixunsdfsi.o)
 .ARM.attributes
                0x0000000000000560       0x2c /home/jambox/.arduino15/packages/arduino/tools/arm-none-eabi-gcc/7-2017q4/bin/../lib/gcc/arm-none-eabi/7.2.1/thumb/v6-m/libgcc.a(adddf3.o)
 .ARM.attributes
                0x000000000000058c       0x2c /home/jambox/.arduino15/packages/arduino/tools/arm-none-eabi-gcc/7-2017q4/bin/../lib/gcc/arm-none-eabi/7.2.1/thumb/v6-m/libgcc.a(divdf3.o)
 .ARM.attributes
                0x00000000000005b8       0x2c /home/jambox/.arduino15/packages/arduino/tools/arm-none-eabi-gcc/7-2017q4/bin/../lib/gcc/arm-none-eabi/7.2.1/thumb/v6-m/libgcc.a(eqdf2.o)
 .ARM.attributes
                0x00000000000005e4       0x2c /home/jambox/.arduino15/packages/arduino/tools/arm-none-eabi-gcc/7-2017q4/bin/../lib/gcc/arm-none-eabi/7.2.1/thumb/v6-m/libgcc.a(gedf2.o)
 .ARM.attributes
                0x0000000000000610       0x2c /home/jambox/.arduino15/packages/arduino/tools/arm-none-eabi-gcc/7-2017q4/bin/../lib/gcc/arm-none-eabi/7.2.1/thumb/v6-m/libgcc.a(ledf2.o)
 .ARM.attributes
                0x000000000000063c       0x2c /home/jambox/.arduino15/packages/arduino/tools/arm-none-eabi-gcc/7-2017q4/bin/../lib/gcc/arm-none-eabi/7.2.1/thumb/v6-m/libgcc.a(muldf3.o)
 .ARM.attributes
                0x0000000000000668       0x2c /home/jambox/.arduino15/packages/arduino/tools/arm-none-eabi-gcc/7-2017q4/bin/../lib/gcc/arm-none-eabi/7.2.1/thumb/v6-m/libgcc.a(subdf3.o)
 .ARM.attributes
                0x0000000000000694       0x2c /home/jambox/.arduino15/packages/arduino/tools/arm-none-eabi-gcc/7-2017q4/bin/../lib/gcc/arm-none-eabi/7.2.1/thumb/v6-m/libgcc.a(fixdfsi.o)
 .ARM.attributes
                0x00000000000006c0       0x2c /home/jambox/.arduino15/packages/arduino/tools/arm-none-eabi-gcc/7-2017q4/bin/../lib/gcc/arm-none-eabi/7.2.1/thumb/v6-m/libgcc.a(floatunsidf.o)
 .ARM.attributes
                0x00000000000006ec       0x1e /home/jambox/.arduino15/packages/arduino/tools/arm-none-eabi-gcc/7-2017q4/bin/../lib/gcc/arm-none-eabi/7.2.1/thumb/v6-m/libgcc.a(_clzsi2.o)
 .ARM.attributes
                0x000000000000070a       0x2c /home/jambox/.arduino15/packages/arduino/tools/arm-none-eabi-gcc/7-2017q4/bin/../lib/gcc/arm-none-eabi/7.2.1/../../../../arm-none-eabi/lib/thumb/v6-m/libc_nano.a(lib_a-impure.o)
 .ARM.attributes
                0x0000000000000736       0x2c /home/jambox/.arduino15/packages/arduino/tools/arm-none-eabi-gcc/7-2017q4/bin/../lib/gcc/arm-none-eabi/7.2.1/../../../../arm-none-eabi/lib/thumb/v6-m/libc_nano.a(lib_a-init.o)
 .ARM.attributes
                0x0000000000000762       0x2c /home/jambox/.arduino15/packages/arduino/tools/arm-none-eabi-gcc/7-2017q4/bin/../lib/gcc/arm-none-eabi/7.2.1/../../../../arm-none-eabi/lib/thumb/v6-m/libc_nano.a(lib_a-malloc.o)
 .ARM.attributes
                0x000000000000078e       0x2c /home/jambox/.arduino15/packages/arduino/tools/arm-none-eabi-gcc/7-2017q4/bin/../lib/gcc/arm-none-eabi/7.2.1/../../../../arm-none-eabi/lib/thumb/v6-m/libc_nano.a(lib_a-memcpy-stub.o)
 .ARM.attributes
                0x00000000000007ba       0x2c /home/jambox/.arduino15/packages/arduino/tools/arm-none-eabi-gcc/7-2017q4/bin/../lib/gcc/arm-none-eabi/7.2.1/../../../../arm-none-eabi/lib/thumb/v6-m/libc_nano.a(lib_a-memset.o)
 .ARM.attributes
                0x00000000000007e6       0x2c /home/jambox/.arduino15/packages/arduino/tools/arm-none-eabi-gcc/7-2017q4/bin/../lib/gcc/arm-none-eabi/7.2.1/../../../../arm-none-eabi/lib/thumb/v6-m/libc_nano.a(lib_a-nano-freer.o)
 .ARM.attributes
                0x0000000000000812       0x2c /home/jambox/.arduino15/packages/arduino/tools/arm-none-eabi-gcc/7-2017q4/bin/../lib/gcc/arm-none-eabi/7.2.1/../../../../arm-none-eabi/lib/thumb/v6-m/libc_nano.a(lib_a-nano-mallocr.o)
 .ARM.attributes
                0x000000000000083e       0x2c /home/jambox/.arduino15/packages/arduino/tools/arm-none-eabi-gcc/7-2017q4/bin/../lib/gcc/arm-none-eabi/7.2.1/../../../../arm-none-eabi/lib/thumb/v6-m/libc_nano.a(lib_a-sbrkr.o)
 .ARM.attributes
                0x000000000000086a       0x1c /home/jambox/.arduino15/packages/arduino/tools/arm-none-eabi-gcc/7-2017q4/bin/../lib/gcc/arm-none-eabi/7.2.1/../../../../arm-none-eabi/lib/thumb/v6-m/libc_nano.a(lib_a-strlen.o)
 .ARM.attributes
                0x0000000000000886       0x2c /home/jambox/.arduino15/packages/arduino/tools/arm-none-eabi-gcc/7-2017q4/bin/../lib/gcc/arm-none-eabi/7.2.1/../../../../arm-none-eabi/lib/thumb/v6-m/libc_nano.a(lib_a-mlock.o)
 .ARM.attributes
                0x00000000000008b2       0x2c /home/jambox/.arduino15/packages/arduino/tools/arm-none-eabi-gcc/7-2017q4/bin/../lib/gcc/arm-none-eabi/7.2.1/../../../../arm-none-eabi/lib/thumb/v6-m/libc_nano.a(lib_a-reent.o)
 .ARM.attributes
                0x00000000000008de       0x2c /home/jambox/.arduino15/packages/arduino/tools/arm-none-eabi-gcc/7-2017q4/bin/../lib/gcc/arm-none-eabi/7.2.1/../../../../arm-none-eabi/lib/thumb/v6-m/libnosys.a(sbrk.o)
 .ARM.attributes
                0x000000000000090a       0x2c /home/jambox/.arduino15/packages/arduino/tools/arm-none-eabi-gcc/7-2017q4/bin/../lib/gcc/arm-none-eabi/7.2.1/thumb/v6-m/crtend.o
 .ARM.attributes
                0x0000000000000936       0x1e /home/jambox/.arduino15/packages/arduino/tools/arm-none-eabi-gcc/7-2017q4/bin/../lib/gcc/arm-none-eabi/7.2.1/thumb/v6-m/crtn.o

.comment        0x0000000000000000       0x7e
 .comment       0x0000000000000000       0x7e /home/jambox/dev/stretch_me/stretcher/build/sketch/stepper.cpp.o
                                         0x7f (size before relaxing)
 .comment       0x000000000000007e       0x7f /home/jambox/dev/stretch_me/stretcher/build/sketch/stretcher.ino.cpp.o
 .comment       0x000000000000007e       0x7f /home/jambox/dev/stretch_me/stretcher/build/libraries/SparkFun_ProDriver_TC78G670FTG_Arduino_Library/SparkFun_ProDriver_TC78H670FTG_Arduino_Library.cpp.o
 .comment       0x000000000000007e       0x7f /home/jambox/dev/stretch_me/stretcher/build/core/variant.cpp.o
 .comment       0x000000000000007e       0x7f /home/jambox/dev/stretch_me/stretcher/build/core/core.a(SERCOM.cpp.o)
 .comment       0x000000000000007e       0x7f /home/jambox/dev/stretch_me/stretcher/build/core/core.a(CDC.cpp.o)
 .comment       0x000000000000007e       0x7f /home/jambox/dev/stretch_me/stretcher/build/core/core.a(USBCore.cpp.o)
 .comment       0x000000000000007e       0x7f /home/jambox/dev/stretch_me/stretcher/build/core/core.a(Uart.cpp.o)
 .comment       0x000000000000007e       0x7f /home/jambox/dev/stretch_me/stretcher/build/core/core.a(PluggableUSB.cpp.o)
 .comment       0x000000000000007e       0x7f /home/jambox/dev/stretch_me/stretcher/build/core/core.a(Print.cpp.o)
 .comment       0x000000000000007e       0x7f /home/jambox/dev/stretch_me/stretcher/build/core/core.a(cortex_handlers.c.o)
 .comment       0x000000000000007e       0x7f /home/jambox/dev/stretch_me/stretcher/build/core/core.a(delay.c.o)
 .comment       0x000000000000007e       0x7f /home/jambox/dev/stretch_me/stretcher/build/core/core.a(hooks.c.o)
 .comment       0x000000000000007e       0x7f /home/jambox/dev/stretch_me/stretcher/build/core/core.a(main.cpp.o)
 .comment       0x000000000000007e       0x7f /home/jambox/dev/stretch_me/stretcher/build/core/core.a(new.cpp.o)
 .comment       0x000000000000007e       0x7f /home/jambox/dev/stretch_me/stretcher/build/core/core.a(startup.c.o)
 .comment       0x000000000000007e       0x7f /home/jambox/dev/stretch_me/stretcher/build/core/core.a(wiring.c.o)
 .comment       0x000000000000007e       0x7f /home/jambox/dev/stretch_me/stretcher/build/core/core.a(wiring_analog.c.o)
 .comment       0x000000000000007e       0x7f /home/jambox/dev/stretch_me/stretcher/build/core/core.a(wiring_digital.c.o)
 .comment       0x000000000000007e       0x7f /home/jambox/dev/stretch_me/stretcher/build/core/core.a(wiring_private.c.o)
 .comment       0x000000000000007e       0x7f /home/jambox/dev/stretch_me/stretcher/build/core/core.a(Reset.cpp.o)

.debug_info     0x0000000000000000    0x5ec15
 .debug_info    0x0000000000000000      0x447 /home/jambox/dev/stretch_me/stretcher/build/sketch/stepper.cpp.o
 .debug_info    0x0000000000000447     0x7652 /home/jambox/dev/stretch_me/stretcher/build/sketch/stretcher.ino.cpp.o
 .debug_info    0x0000000000007a99     0x6a18 /home/jambox/dev/stretch_me/stretcher/build/libraries/SparkFun_ProDriver_TC78G670FTG_Arduino_Library/SparkFun_ProDriver_TC78H670FTG_Arduino_Library.cpp.o
 .debug_info    0x000000000000e4b1     0x888b /home/jambox/dev/stretch_me/stretcher/build/core/variant.cpp.o
 .debug_info    0x0000000000016d3c     0x7164 /home/jambox/dev/stretch_me/stretcher/build/core/core.a(SERCOM.cpp.o)
 .debug_info    0x000000000001dea0     0x9973 /home/jambox/dev/stretch_me/stretcher/build/core/core.a(CDC.cpp.o)
 .debug_info    0x0000000000027813     0xd900 /home/jambox/dev/stretch_me/stretcher/build/core/core.a(USBCore.cpp.o)
 .debug_info    0x0000000000035113     0x7dec /home/jambox/dev/stretch_me/stretcher/build/core/core.a(Uart.cpp.o)
 .debug_info    0x000000000003ceff      0x686 /home/jambox/dev/stretch_me/stretcher/build/core/core.a(PluggableUSB.cpp.o)
 .debug_info    0x000000000003d585     0x40ca /home/jambox/dev/stretch_me/stretcher/build/core/core.a(Print.cpp.o)
 .debug_info    0x000000000004164f     0x110c /home/jambox/dev/stretch_me/stretcher/build/core/core.a(cortex_handlers.c.o)
 .debug_info    0x000000000004275b     0x13d2 /home/jambox/dev/stretch_me/stretcher/build/core/core.a(delay.c.o)
 .debug_info    0x0000000000043b2d       0x64 /home/jambox/dev/stretch_me/stretcher/build/core/core.a(hooks.c.o)
 .debug_info    0x0000000000043b91     0x5c8e /home/jambox/dev/stretch_me/stretcher/build/core/core.a(main.cpp.o)
 .debug_info    0x000000000004981f      0xf30 /home/jambox/dev/stretch_me/stretcher/build/core/core.a(new.cpp.o)
 .debug_info    0x000000000004a74f     0x34f9 /home/jambox/dev/stretch_me/stretcher/build/core/core.a(startup.c.o)
 .debug_info    0x000000000004dc48     0x2da0 /home/jambox/dev/stretch_me/stretcher/build/core/core.a(wiring.c.o)
 .debug_info    0x00000000000509e8     0x4f69 /home/jambox/dev/stretch_me/stretcher/build/core/core.a(wiring_analog.c.o)
 .debug_info    0x0000000000055951     0x1873 /home/jambox/dev/stretch_me/stretcher/build/core/core.a(wiring_digital.c.o)
 .debug_info    0x00000000000571c4     0x17fd /home/jambox/dev/stretch_me/stretcher/build/core/core.a(wiring_private.c.o)
 .debug_info    0x00000000000589c1     0x6254 /home/jambox/dev/stretch_me/stretcher/build/core/core.a(Reset.cpp.o)

.debug_abbrev   0x0000000000000000     0x6f61
 .debug_abbrev  0x0000000000000000      0x12b /home/jambox/dev/stretch_me/stretcher/build/sketch/stepper.cpp.o
 .debug_abbrev  0x000000000000012b      0x856 /home/jambox/dev/stretch_me/stretcher/build/sketch/stretcher.ino.cpp.o
 .debug_abbrev  0x0000000000000981      0x6e4 /home/jambox/dev/stretch_me/stretcher/build/libraries/SparkFun_ProDriver_TC78G670FTG_Arduino_Library/SparkFun_ProDriver_TC78H670FTG_Arduino_Library.cpp.o
 .debug_abbrev  0x0000000000001065      0x6ab /home/jambox/dev/stretch_me/stretcher/build/core/variant.cpp.o
 .debug_abbrev  0x0000000000001710      0x822 /home/jambox/dev/stretch_me/stretcher/build/core/core.a(SERCOM.cpp.o)
 .debug_abbrev  0x0000000000001f32      0xab0 /home/jambox/dev/stretch_me/stretcher/build/core/core.a(CDC.cpp.o)
 .debug_abbrev  0x00000000000029e2      0xc67 /home/jambox/dev/stretch_me/stretcher/build/core/core.a(USBCore.cpp.o)
 .debug_abbrev  0x0000000000003649      0x8ff /home/jambox/dev/stretch_me/stretcher/build/core/core.a(Uart.cpp.o)
 .debug_abbrev  0x0000000000003f48      0x2b2 /home/jambox/dev/stretch_me/stretcher/build/core/core.a(PluggableUSB.cpp.o)
 .debug_abbrev  0x00000000000041fa      0x702 /home/jambox/dev/stretch_me/stretcher/build/core/core.a(Print.cpp.o)
 .debug_abbrev  0x00000000000048fc      0x29a /home/jambox/dev/stretch_me/stretcher/build/core/core.a(cortex_handlers.c.o)
 .debug_abbrev  0x0000000000004b96      0x33c /home/jambox/dev/stretch_me/stretcher/build/core/core.a(delay.c.o)
 .debug_abbrev  0x0000000000004ed2       0x49 /home/jambox/dev/stretch_me/stretcher/build/core/core.a(hooks.c.o)
 .debug_abbrev  0x0000000000004f1b      0x5ca /home/jambox/dev/stretch_me/stretcher/build/core/core.a(main.cpp.o)
 .debug_abbrev  0x00000000000054e5      0x2f0 /home/jambox/dev/stretch_me/stretcher/build/core/core.a(new.cpp.o)
 .debug_abbrev  0x00000000000057d5      0x2ca /home/jambox/dev/stretch_me/stretcher/build/core/core.a(startup.c.o)
 .debug_abbrev  0x0000000000005a9f      0x3a1 /home/jambox/dev/stretch_me/stretcher/build/core/core.a(wiring.c.o)
 .debug_abbrev  0x0000000000005e40      0x487 /home/jambox/dev/stretch_me/stretcher/build/core/core.a(wiring_analog.c.o)
 .debug_abbrev  0x00000000000062c7      0x339 /home/jambox/dev/stretch_me/stretcher/build/core/core.a(wiring_digital.c.o)
 .debug_abbrev  0x0000000000006600      0x303 /home/jambox/dev/stretch_me/stretcher/build/core/core.a(wiring_private.c.o)
 .debug_abbrev  0x0000000000006903      0x65e /home/jambox/dev/stretch_me/stretcher/build/core/core.a(Reset.cpp.o)

.debug_loc      0x0000000000000000     0x7599
 .debug_loc     0x0000000000000000       0x21 /home/jambox/dev/stretch_me/stretcher/build/sketch/stepper.cpp.o
 .debug_loc     0x0000000000000021      0x333 /home/jambox/dev/stretch_me/stretcher/build/sketch/stretcher.ino.cpp.o
 .debug_loc     0x0000000000000354      0x583 /home/jambox/dev/stretch_me/stretcher/build/libraries/SparkFun_ProDriver_TC78G670FTG_Arduino_Library/SparkFun_ProDriver_TC78H670FTG_Arduino_Library.cpp.o
 .debug_loc     0x00000000000008d7       0x2a /home/jambox/dev/stretch_me/stretcher/build/core/variant.cpp.o
 .debug_loc     0x0000000000000901      0xb3f /home/jambox/dev/stretch_me/stretcher/build/core/core.a(SERCOM.cpp.o)
 .debug_loc     0x0000000000001440      0x8bb /home/jambox/dev/stretch_me/stretcher/build/core/core.a(CDC.cpp.o)
 .debug_loc     0x0000000000001cfb     0x27c7 /home/jambox/dev/stretch_me/stretcher/build/core/core.a(USBCore.cpp.o)
 .debug_loc     0x00000000000044c2      0xb0f /home/jambox/dev/stretch_me/stretcher/build/core/core.a(Uart.cpp.o)
 .debug_loc     0x0000000000004fd1      0x256 /home/jambox/dev/stretch_me/stretcher/build/core/core.a(PluggableUSB.cpp.o)
 .debug_loc     0x0000000000005227     0x19e0 /home/jambox/dev/stretch_me/stretcher/build/core/core.a(Print.cpp.o)
 .debug_loc     0x0000000000006c07       0x3c /home/jambox/dev/stretch_me/stretcher/build/core/core.a(cortex_handlers.c.o)
 .debug_loc     0x0000000000006c43      0x12f /home/jambox/dev/stretch_me/stretcher/build/core/core.a(delay.c.o)
 .debug_loc     0x0000000000006d72       0x42 /home/jambox/dev/stretch_me/stretcher/build/core/core.a(new.cpp.o)
 .debug_loc     0x0000000000006db4       0x6e /home/jambox/dev/stretch_me/stretcher/build/core/core.a(startup.c.o)
 .debug_loc     0x0000000000006e22       0xa0 /home/jambox/dev/stretch_me/stretcher/build/core/core.a(wiring.c.o)
 .debug_loc     0x0000000000006ec2      0x4b9 /home/jambox/dev/stretch_me/stretcher/build/core/core.a(wiring_analog.c.o)
 .debug_loc     0x000000000000737b       0xc0 /home/jambox/dev/stretch_me/stretcher/build/core/core.a(wiring_digital.c.o)
 .debug_loc     0x000000000000743b      0x131 /home/jambox/dev/stretch_me/stretcher/build/core/core.a(wiring_private.c.o)
 .debug_loc     0x000000000000756c       0x2d /home/jambox/dev/stretch_me/stretcher/build/core/core.a(Reset.cpp.o)

.debug_aranges  0x0000000000000000      0xa48
 .debug_aranges
                0x0000000000000000       0x20 /home/jambox/dev/stretch_me/stretcher/build/sketch/stepper.cpp.o
 .debug_aranges
                0x0000000000000020       0x70 /home/jambox/dev/stretch_me/stretcher/build/sketch/stretcher.ino.cpp.o
 .debug_aranges
                0x0000000000000090       0x88 /home/jambox/dev/stretch_me/stretcher/build/libraries/SparkFun_ProDriver_TC78G670FTG_Arduino_Library/SparkFun_ProDriver_TC78H670FTG_Arduino_Library.cpp.o
 .debug_aranges
                0x0000000000000118       0x48 /home/jambox/dev/stretch_me/stretcher/build/core/variant.cpp.o
 .debug_aranges
                0x0000000000000160      0x1f0 /home/jambox/dev/stretch_me/stretcher/build/core/core.a(SERCOM.cpp.o)
 .debug_aranges
                0x0000000000000350      0x120 /home/jambox/dev/stretch_me/stretcher/build/core/core.a(CDC.cpp.o)
 .debug_aranges
                0x0000000000000470      0x190 /home/jambox/dev/stretch_me/stretcher/build/core/core.a(USBCore.cpp.o)
 .debug_aranges
                0x0000000000000600       0xb8 /home/jambox/dev/stretch_me/stretcher/build/core/core.a(Uart.cpp.o)
 .debug_aranges
                0x00000000000006b8       0x48 /home/jambox/dev/stretch_me/stretcher/build/core/core.a(PluggableUSB.cpp.o)
 .debug_aranges
                0x0000000000000700      0x130 /home/jambox/dev/stretch_me/stretcher/build/core/core.a(Print.cpp.o)
 .debug_aranges
                0x0000000000000830       0x40 /home/jambox/dev/stretch_me/stretcher/build/core/core.a(cortex_handlers.c.o)
 .debug_aranges
                0x0000000000000870       0x48 /home/jambox/dev/stretch_me/stretcher/build/core/core.a(delay.c.o)
 .debug_aranges
                0x00000000000008b8       0x30 /home/jambox/dev/stretch_me/stretcher/build/core/core.a(hooks.c.o)
 .debug_aranges
                0x00000000000008e8       0x28 /home/jambox/dev/stretch_me/stretcher/build/core/core.a(main.cpp.o)
 .debug_aranges
                0x0000000000000910       0x28 /home/jambox/dev/stretch_me/stretcher/build/core/core.a(new.cpp.o)
 .debug_aranges
                0x0000000000000938       0x20 /home/jambox/dev/stretch_me/stretcher/build/core/core.a(startup.c.o)
 .debug_aranges
                0x0000000000000958       0x20 /home/jambox/dev/stretch_me/stretcher/build/core/core.a(wiring.c.o)
 .debug_aranges
                0x0000000000000978       0x48 /home/jambox/dev/stretch_me/stretcher/build/core/core.a(wiring_analog.c.o)
 .debug_aranges
                0x00000000000009c0       0x30 /home/jambox/dev/stretch_me/stretcher/build/core/core.a(wiring_digital.c.o)
 .debug_aranges
                0x00000000000009f0       0x20 /home/jambox/dev/stretch_me/stretcher/build/core/core.a(wiring_private.c.o)
 .debug_aranges
                0x0000000000000a10       0x38 /home/jambox/dev/stretch_me/stretcher/build/core/core.a(Reset.cpp.o)

.debug_ranges   0x0000000000000000     0x1558
 .debug_ranges  0x0000000000000000       0x10 /home/jambox/dev/stretch_me/stretcher/build/sketch/stepper.cpp.o
 .debug_ranges  0x0000000000000010       0xd8 /home/jambox/dev/stretch_me/stretcher/build/sketch/stretcher.ino.cpp.o
 .debug_ranges  0x00000000000000e8       0xc8 /home/jambox/dev/stretch_me/stretcher/build/libraries/SparkFun_ProDriver_TC78G670FTG_Arduino_Library/SparkFun_ProDriver_TC78H670FTG_Arduino_Library.cpp.o
 .debug_ranges  0x00000000000001b0       0x50 /home/jambox/dev/stretch_me/stretcher/build/core/variant.cpp.o
 .debug_ranges  0x0000000000000200      0x2a0 /home/jambox/dev/stretch_me/stretcher/build/core/core.a(SERCOM.cpp.o)
 .debug_ranges  0x00000000000004a0      0x1b0 /home/jambox/dev/stretch_me/stretcher/build/core/core.a(CDC.cpp.o)
 .debug_ranges  0x0000000000000650      0x8b0 /home/jambox/dev/stretch_me/stretcher/build/core/core.a(USBCore.cpp.o)
 .debug_ranges  0x0000000000000f00      0x238 /home/jambox/dev/stretch_me/stretcher/build/core/core.a(Uart.cpp.o)
 .debug_ranges  0x0000000000001138       0x68 /home/jambox/dev/stretch_me/stretcher/build/core/core.a(PluggableUSB.cpp.o)
 .debug_ranges  0x00000000000011a0      0x198 /home/jambox/dev/stretch_me/stretcher/build/core/core.a(Print.cpp.o)
 .debug_ranges  0x0000000000001338       0x30 /home/jambox/dev/stretch_me/stretcher/build/core/core.a(cortex_handlers.c.o)
 .debug_ranges  0x0000000000001368       0x38 /home/jambox/dev/stretch_me/stretcher/build/core/core.a(delay.c.o)
 .debug_ranges  0x00000000000013a0       0x20 /home/jambox/dev/stretch_me/stretcher/build/core/core.a(hooks.c.o)
 .debug_ranges  0x00000000000013c0       0x18 /home/jambox/dev/stretch_me/stretcher/build/core/core.a(main.cpp.o)
 .debug_ranges  0x00000000000013d8       0x18 /home/jambox/dev/stretch_me/stretcher/build/core/core.a(new.cpp.o)
 .debug_ranges  0x00000000000013f0       0x10 /home/jambox/dev/stretch_me/stretcher/build/core/core.a(startup.c.o)